Copyright 1986-2022 Xilinx, Inc. All Rights Reserved. Copyright 2022-2026 Advanced Micro Devices, Inc. All Rights Reserved.
---------------------------------------------------------------------------------------------------------------------------------------------
| Tool Version : Vivado v.2026.1 (win64) Build 6511674 Tue Jun 16 11:02:23 MDT 2026
| Date         : Sat Aug 29 10:27:38 2026
| Host         : RTLPC running 64-bit major release  (build 9200)
| Command      : report_control_sets -verbose -file rs422_docklight_test_control_sets_placed.rpt
| Design       : rs422_docklight_test
| Device       : xc7a100t
---------------------------------------------------------------------------------------------------------------------------------------------

Control Set Information

Table of Contents
-----------------
1. Summary
2. Histogram
3. Flip-Flop Distribution
4. Detailed Control Set Information

1. Summary
----------

+----------------------------------------------------------+-------+
|                          Status                          | Count |
+----------------------------------------------------------+-------+
| Total control sets                                       |    15 |
|    Minimum number of control sets                        |    15 |
|    Addition due to synthesis replication                 |     0 |
|    Addition due to physical synthesis replication        |     0 |
| Unused register locations in slices containing registers |    26 |
+----------------------------------------------------------+-------+
* Control sets can be merged at opt_design using control_set_merge or merge_equivalent_drivers
** Run report_qor_suggestions for automated merging and remapping suggestions


2. Histogram
------------

+--------------------+-------+
|       Fanout       | Count |
+--------------------+-------+
| Total control sets |    15 |
| >= 0 to < 4        |     0 |
| >= 4 to < 6        |     1 |
| >= 6 to < 8        |     1 |
| >= 8 to < 10       |     5 |
| >= 10 to < 12      |     1 |
| >= 12 to < 14      |     0 |
| >= 14 to < 16      |     1 |
| >= 16              |     6 |
+--------------------+-------+
* Control sets can be remapped at either synth_design or opt_design


3. Flip-Flop Distribution
-------------------------

+--------------+-----------------------+------------------------+-----------------+--------------+
| Clock Enable | Synchronous Set/Reset | Asynchronous Set/Reset | Total Registers | Total Slices |
+--------------+-----------------------+------------------------+-----------------+--------------+
| No           | No                    | No                     |               6 |            4 |
| No           | No                    | Yes                    |               0 |            0 |
| No           | Yes                   | No                     |              51 |           17 |
| Yes          | No                    | No                     |             120 |           37 |
| Yes          | No                    | Yes                    |               0 |            0 |
| Yes          | Yes                   | No                     |             197 |           61 |
+--------------+-----------------------+------------------------+-----------------+--------------+


4. Detailed Control Set Information
-----------------------------------

+----------------+--------------------------------------------------------+-----------------------------------+------------------+----------------+--------------+
|  Clock Signal  |                      Enable Signal                     |          Set/Reset Signal         | Slice Load Count | Bel Load Count | Bels / Slice |
+----------------+--------------------------------------------------------+-----------------------------------+------------------+----------------+--------------+
|  clk_IBUF_BUFG | u_packet_ctrl/u_uart_phy/FSM_onehot_tx_state_reg[0][0] | u_packet_ctrl/u_uart_phy/rst_n    |                1 |              4 |         4.00 |
|  clk_IBUF_BUFG |                                                        |                                   |                4 |              6 |         1.50 |
|  clk_IBUF_BUFG | u_packet_ctrl/u_uart_phy/rx_data[7]_i_1_n_0            | u_packet_ctrl/u_uart_phy/rst_n    |                3 |              8 |         2.67 |
|  clk_IBUF_BUFG | u_packet_ctrl/u_uart_phy/rx_clk_cnt[0]                 | u_packet_ctrl/u_uart_phy/rst_n    |                3 |              8 |         2.67 |
|  clk_IBUF_BUFG | u_packet_ctrl/u_uart_phy/tx_clk_cnt[0]                 | u_packet_ctrl/u_uart_phy/rst_n    |                2 |              8 |         4.00 |
|  clk_IBUF_BUFG | u_packet_ctrl/u_uart_phy/tx_shift_reg_0[0]             | u_packet_ctrl/u_uart_phy/rst_n    |                2 |              8 |         4.00 |
|  clk_IBUF_BUFG | u_packet_ctrl/phy_tx_data_8[0]                         | u_packet_ctrl/u_uart_phy/rst_n    |                6 |              8 |         1.33 |
|  clk_IBUF_BUFG | u_packet_ctrl/led_ok_cnt0                              | u_packet_ctrl/tx_done_reg_16      |                6 |             11 |         1.83 |
|  clk_IBUF_BUFG | u_packet_ctrl/tx_done_reg_1                            | u_packet_ctrl/u_uart_phy/rst_n    |                3 |             14 |         4.67 |
|  clk_IBUF_BUFG |                                                        | u_packet_ctrl/rx_timer[0]_i_1_n_0 |                5 |             18 |         3.60 |
|  clk_IBUF_BUFG |                                                        | u_packet_ctrl/u_uart_phy/rst_n    |               12 |             33 |         2.75 |
|  clk_IBUF_BUFG | u_packet_ctrl/u_uart_phy/rx_valid_reg_1[0]             |                                   |               18 |             56 |         3.11 |
|  clk_IBUF_BUFG | u_packet_ctrl/u_uart_phy/E[0]                          |                                   |               19 |             64 |         3.37 |
|  clk_IBUF_BUFG | u_packet_ctrl/E[0]                                     | u_packet_ctrl/u_uart_phy/rst_n    |               18 |             64 |         3.56 |
|  clk_IBUF_BUFG | u_packet_ctrl/tx_buf[0]_9[0]                           | u_packet_ctrl/u_uart_phy/rst_n    |               17 |             64 |         3.76 |
+----------------+--------------------------------------------------------+-----------------------------------+------------------+----------------+--------------+


