
*** Running vivado
    with args -log dac16_uart_controller.vds -m64 -product Vivado -mode batch -messageDb vivado.pb -notrace -source dac16_uart_controller.tcl


INFO: [Common 17-3922] A valid Vivado Design Suite BASIC license has been detected. Your current license is active and will expire on 06-aug-2027.
#-----------------------------------------------------------
# Vivado v2026.1 (64-bit)
# SW Build 6511674 on Tue Jun 16 11:02:23 MDT 2026
# IP Build 6504888 on Tue Jun 09 09:05:25 MDT 2026
# SharedData Build 6501428 on Mon Jun 08 17:34:18 MDT 2026
# Start of session at: Fri Aug 28 17:04:39 2026
# Process ID         : 17748
# Current directory  : C:/Arvind/Projects/PMSS/VHDL/AB/13-08-2026/PMSS_AB_TEST/DAC16_RS422_SPI/DAC16_RS422_SPI.runs/synth_1
# Command line       : vivado.exe -log dac16_uart_controller.vds -product Vivado -mode batch -messageDb vivado.pb -notrace -source dac16_uart_controller.tcl
# Log file           : C:/Arvind/Projects/PMSS/VHDL/AB/13-08-2026/PMSS_AB_TEST/DAC16_RS422_SPI/DAC16_RS422_SPI.runs/synth_1/dac16_uart_controller.vds
# Journal file       : C:/Arvind/Projects/PMSS/VHDL/AB/13-08-2026/PMSS_AB_TEST/DAC16_RS422_SPI/DAC16_RS422_SPI.runs/synth_1\vivado.jou
# Running On         : RTLPC
# Platform           : Windows 11
# Operating System   : 26200
# Processor Detail   : Intel(R) Core(TM) i7-14700
# CPU Frequency      : 2112 MHz
# CPU Physical cores : 20
# CPU Logical cores  : 28
# Host memory        : 16851 MB
# Swap memory        : 9126 MB
# Total Virtual      : 25978 MB
# Available Virtual  : 5759 MB
#-----------------------------------------------------------

****** Vivado v2026.1 (64-bit)
  **** SW Build 6511674 on Tue Jun 16 11:02:23 MDT 2026
  **** IP Build 6504888 on Tue Jun 09 09:05:25 MDT 2026
  **** SharedData Build 6501428 on Mon Jun 08 17:34:18 MDT 2026
  **** Start of session at: Fri Aug 28 17:04:39 2026
    ** Copyright 1986-2022 Xilinx, Inc. All Rights Reserved.
    ** Copyright 2022-2026 Advanced Micro Devices, Inc. All Rights Reserved.

source dac16_uart_controller.tcl -notrace
create_project: Time (s): cpu = 00:00:08 ; elapsed = 00:00:06 . Memory (MB): peak = 585.781 ; gain = 269.363
Command: synth_design -top dac16_uart_controller -part xc7a100tcsg324-2
Starting synth_design
Attempting to get a license for feature 'Vivado_Synthesis' and/or device 'xc7a100t'
INFO: [Common 17-349] Got license for feature 'Vivado_Synthesis' and/or device 'xc7a100t'
INFO: [Device 21-403] Loading part xc7a100tcsg324-2
INFO: [Designutils 20-5008] Incremental synthesis strategy default
INFO: [Synth 8-7079] Multithreading enabled for synth_design using a maximum of 2 processes.
INFO: [Synth 8-7078] Launching helper process for spawning children vivado processes
INFO: [Synth 8-7075] Helper process launched with PID 16508
---------------------------------------------------------------------------------
Starting RTL Elaboration : Time (s): cpu = 00:00:06 ; elapsed = 00:00:06 . Memory (MB): peak = 1362.508 ; gain = 576.883
---------------------------------------------------------------------------------
INFO: [Synth 8-638] synthesizing module 'dac16_uart_controller' [C:/Arvind/Projects/PMSS/VHDL/AB/13-08-2026/PMSS_AB_TEST/DAC16_RS422_SPI/DAC16_RS422_SPI.srcs/sources_1/imports/Users/kungf/Downloads/dac16_uart_controller_1.vhd:85]
INFO: [Synth 8-638] synthesizing module 'rs422_packet_controller' [C:/Arvind/Projects/PMSS/VHDL/AB/13-08-2026/PMSS_AB_TEST/DAC16_RS422_SPI/DAC16_RS422_SPI.srcs/sources_1/imports/Arvind/Projects/PMSS/VHDL/RS422 Generic/VHDL RS422 Block/universal_rs422/universal_rs422.srcs/sources_1/new/rs422_packet_controller.vhd:38]
	Parameter CLK_FREQ bound to: 50000000 - type: integer 
	Parameter BAUD_RATE bound to: 115200 - type: integer 
	Parameter NUM_BYTES bound to: 8 - type: integer 
	Parameter TIMEOUT_MS bound to: 5 - type: integer 
INFO: [Synth 8-638] synthesizing module 'uart_phy' [C:/Arvind/Projects/PMSS/VHDL/AB/13-08-2026/PMSS_AB_TEST/DAC16_RS422_SPI/DAC16_RS422_SPI.srcs/sources_1/imports/Arvind/Projects/PMSS/VHDL/RS422 Generic/VHDL RS422 Block/universal_rs422/universal_rs422.srcs/sources_1/new/uart_phy.vhd:28]
	Parameter CLK_FREQ bound to: 50000000 - type: integer 
	Parameter BAUD_RATE bound to: 115200 - type: integer 
INFO: [Synth 8-256] done synthesizing module 'uart_phy' (0#1) [C:/Arvind/Projects/PMSS/VHDL/AB/13-08-2026/PMSS_AB_TEST/DAC16_RS422_SPI/DAC16_RS422_SPI.srcs/sources_1/imports/Arvind/Projects/PMSS/VHDL/RS422 Generic/VHDL RS422 Block/universal_rs422/universal_rs422.srcs/sources_1/new/uart_phy.vhd:28]
INFO: [Synth 8-256] done synthesizing module 'rs422_packet_controller' (0#1) [C:/Arvind/Projects/PMSS/VHDL/AB/13-08-2026/PMSS_AB_TEST/DAC16_RS422_SPI/DAC16_RS422_SPI.srcs/sources_1/imports/Arvind/Projects/PMSS/VHDL/RS422 Generic/VHDL RS422 Block/universal_rs422/universal_rs422.srcs/sources_1/new/rs422_packet_controller.vhd:38]
INFO: [Synth 8-638] synthesizing module 'dac_ad3551r_ch' [C:/Arvind/Projects/PMSS/VHDL/AB/13-08-2026/PMSS_AB_TEST/DAC16_RS422_SPI/DAC16_RS422_SPI.srcs/sources_1/imports/Downloads/dac_ad3551r_ch_1.vhd:55]
	Parameter SIM_MODE bound to: 0 - type: bool 
	Parameter RANGE_CODE bound to: 8'b00000100 
	Parameter DAC_CODE bound to: 16'b1000110001010111 
INFO: [Synth 8-256] done synthesizing module 'dac_ad3551r_ch' (0#1) [C:/Arvind/Projects/PMSS/VHDL/AB/13-08-2026/PMSS_AB_TEST/DAC16_RS422_SPI/DAC16_RS422_SPI.srcs/sources_1/imports/Downloads/dac_ad3551r_ch_1.vhd:55]
INFO: [Synth 8-638] synthesizing module 'dac_ad3551r_ch__parameterized0' [C:/Arvind/Projects/PMSS/VHDL/AB/13-08-2026/PMSS_AB_TEST/DAC16_RS422_SPI/DAC16_RS422_SPI.srcs/sources_1/imports/Downloads/dac_ad3551r_ch_1.vhd:55]
	Parameter SIM_MODE bound to: 0 - type: bool 
	Parameter RANGE_CODE bound to: 8'b00000100 
	Parameter DAC_CODE bound to: 16'b1011110110101001 
INFO: [Synth 8-256] done synthesizing module 'dac_ad3551r_ch__parameterized0' (0#1) [C:/Arvind/Projects/PMSS/VHDL/AB/13-08-2026/PMSS_AB_TEST/DAC16_RS422_SPI/DAC16_RS422_SPI.srcs/sources_1/imports/Downloads/dac_ad3551r_ch_1.vhd:55]
INFO: [Synth 8-638] synthesizing module 'dac_ad3551r_ch__parameterized1' [C:/Arvind/Projects/PMSS/VHDL/AB/13-08-2026/PMSS_AB_TEST/DAC16_RS422_SPI/DAC16_RS422_SPI.srcs/sources_1/imports/Downloads/dac_ad3551r_ch_1.vhd:55]
	Parameter SIM_MODE bound to: 0 - type: bool 
	Parameter RANGE_CODE bound to: 8'b00000100 
	Parameter DAC_CODE bound to: 16'b1001001010000001 
INFO: [Synth 8-256] done synthesizing module 'dac_ad3551r_ch__parameterized1' (0#1) [C:/Arvind/Projects/PMSS/VHDL/AB/13-08-2026/PMSS_AB_TEST/DAC16_RS422_SPI/DAC16_RS422_SPI.srcs/sources_1/imports/Downloads/dac_ad3551r_ch_1.vhd:55]
INFO: [Synth 8-638] synthesizing module 'dac_ad3551r_ch__parameterized2' [C:/Arvind/Projects/PMSS/VHDL/AB/13-08-2026/PMSS_AB_TEST/DAC16_RS422_SPI/DAC16_RS422_SPI.srcs/sources_1/imports/Downloads/dac_ad3551r_ch_1.vhd:55]
	Parameter SIM_MODE bound to: 0 - type: bool 
	Parameter RANGE_CODE bound to: 8'b00000100 
	Parameter DAC_CODE bound to: 16'b1100001111010011 
INFO: [Synth 8-256] done synthesizing module 'dac_ad3551r_ch__parameterized2' (0#1) [C:/Arvind/Projects/PMSS/VHDL/AB/13-08-2026/PMSS_AB_TEST/DAC16_RS422_SPI/DAC16_RS422_SPI.srcs/sources_1/imports/Downloads/dac_ad3551r_ch_1.vhd:55]
INFO: [Synth 8-638] synthesizing module 'dac_ad3551r_ch__parameterized3' [C:/Arvind/Projects/PMSS/VHDL/AB/13-08-2026/PMSS_AB_TEST/DAC16_RS422_SPI/DAC16_RS422_SPI.srcs/sources_1/imports/Downloads/dac_ad3551r_ch_1.vhd:55]
	Parameter SIM_MODE bound to: 0 - type: bool 
	Parameter RANGE_CODE bound to: 8'b00000100 
	Parameter DAC_CODE bound to: 16'b1001100010101100 
INFO: [Synth 8-256] done synthesizing module 'dac_ad3551r_ch__parameterized3' (0#1) [C:/Arvind/Projects/PMSS/VHDL/AB/13-08-2026/PMSS_AB_TEST/DAC16_RS422_SPI/DAC16_RS422_SPI.srcs/sources_1/imports/Downloads/dac_ad3551r_ch_1.vhd:55]
INFO: [Synth 8-638] synthesizing module 'dac_ad3551r_ch__parameterized4' [C:/Arvind/Projects/PMSS/VHDL/AB/13-08-2026/PMSS_AB_TEST/DAC16_RS422_SPI/DAC16_RS422_SPI.srcs/sources_1/imports/Downloads/dac_ad3551r_ch_1.vhd:55]
	Parameter SIM_MODE bound to: 0 - type: bool 
	Parameter RANGE_CODE bound to: 8'b00000100 
	Parameter DAC_CODE bound to: 16'b1100100111111110 
INFO: [Synth 8-256] done synthesizing module 'dac_ad3551r_ch__parameterized4' (0#1) [C:/Arvind/Projects/PMSS/VHDL/AB/13-08-2026/PMSS_AB_TEST/DAC16_RS422_SPI/DAC16_RS422_SPI.srcs/sources_1/imports/Downloads/dac_ad3551r_ch_1.vhd:55]
INFO: [Synth 8-638] synthesizing module 'dac_ad3551r_ch__parameterized5' [C:/Arvind/Projects/PMSS/VHDL/AB/13-08-2026/PMSS_AB_TEST/DAC16_RS422_SPI/DAC16_RS422_SPI.srcs/sources_1/imports/Downloads/dac_ad3551r_ch_1.vhd:55]
	Parameter SIM_MODE bound to: 0 - type: bool 
	Parameter RANGE_CODE bound to: 8'b00000100 
	Parameter DAC_CODE bound to: 16'b1001111011010110 
INFO: [Synth 8-256] done synthesizing module 'dac_ad3551r_ch__parameterized5' (0#1) [C:/Arvind/Projects/PMSS/VHDL/AB/13-08-2026/PMSS_AB_TEST/DAC16_RS422_SPI/DAC16_RS422_SPI.srcs/sources_1/imports/Downloads/dac_ad3551r_ch_1.vhd:55]
INFO: [Synth 8-638] synthesizing module 'dac_ad3551r_ch__parameterized6' [C:/Arvind/Projects/PMSS/VHDL/AB/13-08-2026/PMSS_AB_TEST/DAC16_RS422_SPI/DAC16_RS422_SPI.srcs/sources_1/imports/Downloads/dac_ad3551r_ch_1.vhd:55]
	Parameter SIM_MODE bound to: 0 - type: bool 
	Parameter RANGE_CODE bound to: 8'b00000100 
	Parameter DAC_CODE bound to: 16'b1101000000101000 
INFO: [Synth 8-256] done synthesizing module 'dac_ad3551r_ch__parameterized6' (0#1) [C:/Arvind/Projects/PMSS/VHDL/AB/13-08-2026/PMSS_AB_TEST/DAC16_RS422_SPI/DAC16_RS422_SPI.srcs/sources_1/imports/Downloads/dac_ad3551r_ch_1.vhd:55]
INFO: [Synth 8-638] synthesizing module 'dac_ad3551r_ch__parameterized7' [C:/Arvind/Projects/PMSS/VHDL/AB/13-08-2026/PMSS_AB_TEST/DAC16_RS422_SPI/DAC16_RS422_SPI.srcs/sources_1/imports/Downloads/dac_ad3551r_ch_1.vhd:55]
	Parameter SIM_MODE bound to: 0 - type: bool 
	Parameter RANGE_CODE bound to: 8'b00000100 
	Parameter DAC_CODE bound to: 16'b1010010100000000 
INFO: [Synth 8-256] done synthesizing module 'dac_ad3551r_ch__parameterized7' (0#1) [C:/Arvind/Projects/PMSS/VHDL/AB/13-08-2026/PMSS_AB_TEST/DAC16_RS422_SPI/DAC16_RS422_SPI.srcs/sources_1/imports/Downloads/dac_ad3551r_ch_1.vhd:55]
INFO: [Synth 8-638] synthesizing module 'dac_ad3551r_ch__parameterized8' [C:/Arvind/Projects/PMSS/VHDL/AB/13-08-2026/PMSS_AB_TEST/DAC16_RS422_SPI/DAC16_RS422_SPI.srcs/sources_1/imports/Downloads/dac_ad3551r_ch_1.vhd:55]
	Parameter SIM_MODE bound to: 0 - type: bool 
	Parameter RANGE_CODE bound to: 8'b00000100 
	Parameter DAC_CODE bound to: 16'b1101011001010010 
INFO: [Synth 8-256] done synthesizing module 'dac_ad3551r_ch__parameterized8' (0#1) [C:/Arvind/Projects/PMSS/VHDL/AB/13-08-2026/PMSS_AB_TEST/DAC16_RS422_SPI/DAC16_RS422_SPI.srcs/sources_1/imports/Downloads/dac_ad3551r_ch_1.vhd:55]
INFO: [Synth 8-638] synthesizing module 'dac_ad3551r_ch__parameterized9' [C:/Arvind/Projects/PMSS/VHDL/AB/13-08-2026/PMSS_AB_TEST/DAC16_RS422_SPI/DAC16_RS422_SPI.srcs/sources_1/imports/Downloads/dac_ad3551r_ch_1.vhd:55]
	Parameter SIM_MODE bound to: 0 - type: bool 
	Parameter RANGE_CODE bound to: 8'b00000100 
	Parameter DAC_CODE bound to: 16'b1010101100101010 
INFO: [Synth 8-256] done synthesizing module 'dac_ad3551r_ch__parameterized9' (0#1) [C:/Arvind/Projects/PMSS/VHDL/AB/13-08-2026/PMSS_AB_TEST/DAC16_RS422_SPI/DAC16_RS422_SPI.srcs/sources_1/imports/Downloads/dac_ad3551r_ch_1.vhd:55]
INFO: [Synth 8-638] synthesizing module 'dac_ad3551r_ch__parameterized10' [C:/Arvind/Projects/PMSS/VHDL/AB/13-08-2026/PMSS_AB_TEST/DAC16_RS422_SPI/DAC16_RS422_SPI.srcs/sources_1/imports/Downloads/dac_ad3551r_ch_1.vhd:55]
	Parameter SIM_MODE bound to: 0 - type: bool 
	Parameter RANGE_CODE bound to: 8'b00000100 
	Parameter DAC_CODE bound to: 16'b1110001010100111 
INFO: [Synth 8-256] done synthesizing module 'dac_ad3551r_ch__parameterized10' (0#1) [C:/Arvind/Projects/PMSS/VHDL/AB/13-08-2026/PMSS_AB_TEST/DAC16_RS422_SPI/DAC16_RS422_SPI.srcs/sources_1/imports/Downloads/dac_ad3551r_ch_1.vhd:55]
INFO: [Synth 8-638] synthesizing module 'dac_ad3551r_ch__parameterized11' [C:/Arvind/Projects/PMSS/VHDL/AB/13-08-2026/PMSS_AB_TEST/DAC16_RS422_SPI/DAC16_RS422_SPI.srcs/sources_1/imports/Downloads/dac_ad3551r_ch_1.vhd:55]
	Parameter SIM_MODE bound to: 0 - type: bool 
	Parameter RANGE_CODE bound to: 8'b00000100 
	Parameter DAC_CODE bound to: 16'b1011000101010101 
INFO: [Synth 8-256] done synthesizing module 'dac_ad3551r_ch__parameterized11' (0#1) [C:/Arvind/Projects/PMSS/VHDL/AB/13-08-2026/PMSS_AB_TEST/DAC16_RS422_SPI/DAC16_RS422_SPI.srcs/sources_1/imports/Downloads/dac_ad3551r_ch_1.vhd:55]
INFO: [Synth 8-638] synthesizing module 'dac_ad3551r_ch__parameterized12' [C:/Arvind/Projects/PMSS/VHDL/AB/13-08-2026/PMSS_AB_TEST/DAC16_RS422_SPI/DAC16_RS422_SPI.srcs/sources_1/imports/Downloads/dac_ad3551r_ch_1.vhd:55]
	Parameter SIM_MODE bound to: 0 - type: bool 
	Parameter RANGE_CODE bound to: 8'b00000100 
	Parameter DAC_CODE bound to: 16'b1110111011111011 
INFO: [Synth 8-256] done synthesizing module 'dac_ad3551r_ch__parameterized12' (0#1) [C:/Arvind/Projects/PMSS/VHDL/AB/13-08-2026/PMSS_AB_TEST/DAC16_RS422_SPI/DAC16_RS422_SPI.srcs/sources_1/imports/Downloads/dac_ad3551r_ch_1.vhd:55]
INFO: [Synth 8-638] synthesizing module 'dac_ad3551r_ch__parameterized13' [C:/Arvind/Projects/PMSS/VHDL/AB/13-08-2026/PMSS_AB_TEST/DAC16_RS422_SPI/DAC16_RS422_SPI.srcs/sources_1/imports/Downloads/dac_ad3551r_ch_1.vhd:55]
	Parameter SIM_MODE bound to: 0 - type: bool 
	Parameter RANGE_CODE bound to: 8'b00000100 
	Parameter DAC_CODE bound to: 16'b1011011101111111 
INFO: [Synth 8-256] done synthesizing module 'dac_ad3551r_ch__parameterized13' (0#1) [C:/Arvind/Projects/PMSS/VHDL/AB/13-08-2026/PMSS_AB_TEST/DAC16_RS422_SPI/DAC16_RS422_SPI.srcs/sources_1/imports/Downloads/dac_ad3551r_ch_1.vhd:55]
INFO: [Synth 8-638] synthesizing module 'dac_ad3551r_ch__parameterized14' [C:/Arvind/Projects/PMSS/VHDL/AB/13-08-2026/PMSS_AB_TEST/DAC16_RS422_SPI/DAC16_RS422_SPI.srcs/sources_1/imports/Downloads/dac_ad3551r_ch_1.vhd:55]
	Parameter SIM_MODE bound to: 0 - type: bool 
	Parameter RANGE_CODE bound to: 8'b00000100 
	Parameter DAC_CODE bound to: 16'b1111101101010000 
INFO: [Synth 8-256] done synthesizing module 'dac_ad3551r_ch__parameterized14' (0#1) [C:/Arvind/Projects/PMSS/VHDL/AB/13-08-2026/PMSS_AB_TEST/DAC16_RS422_SPI/DAC16_RS422_SPI.srcs/sources_1/imports/Downloads/dac_ad3551r_ch_1.vhd:55]
INFO: [Synth 8-256] done synthesizing module 'dac16_uart_controller' (0#1) [C:/Arvind/Projects/PMSS/VHDL/AB/13-08-2026/PMSS_AB_TEST/DAC16_RS422_SPI/DAC16_RS422_SPI.srcs/sources_1/imports/Users/kungf/Downloads/dac16_uart_controller_1.vhd:85]
WARNING: [Synth 8-3917] design dac16_uart_controller has port RS422_EN driven by constant 1
WARNING: [Synth 8-3917] design dac16_uart_controller has port RS422_nEN driven by constant 0
WARNING: [Synth 8-3917] design dac16_uart_controller has port BUS_DATA[15] driven by constant 1
WARNING: [Synth 8-3917] design dac16_uart_controller has port BUS_DATA[14] driven by constant 0
WARNING: [Synth 8-3917] design dac16_uart_controller has port BUS_DATA[13] driven by constant 1
WARNING: [Synth 8-3917] design dac16_uart_controller has port BUS_DATA[12] driven by constant 0
WARNING: [Synth 8-3917] design dac16_uart_controller has port BUS_DATA[11] driven by constant 1
WARNING: [Synth 8-3917] design dac16_uart_controller has port BUS_DATA[10] driven by constant 0
WARNING: [Synth 8-3917] design dac16_uart_controller has port BUS_DATA[9] driven by constant 1
WARNING: [Synth 8-3917] design dac16_uart_controller has port BUS_DATA[8] driven by constant 0
WARNING: [Synth 8-3917] design dac16_uart_controller has port BUS_DATA[7] driven by constant 1
WARNING: [Synth 8-3917] design dac16_uart_controller has port BUS_DATA[6] driven by constant 0
WARNING: [Synth 8-3917] design dac16_uart_controller has port BUS_DATA[5] driven by constant 1
WARNING: [Synth 8-3917] design dac16_uart_controller has port BUS_DATA[4] driven by constant 0
WARNING: [Synth 8-3917] design dac16_uart_controller has port BUS_DATA[3] driven by constant 1
WARNING: [Synth 8-3917] design dac16_uart_controller has port BUS_DATA[2] driven by constant 0
WARNING: [Synth 8-3917] design dac16_uart_controller has port BUS_DATA[1] driven by constant 1
WARNING: [Synth 8-3917] design dac16_uart_controller has port BUS_DATA[0] driven by constant 0
---------------------------------------------------------------------------------
Finished RTL Elaboration : Time (s): cpu = 00:00:09 ; elapsed = 00:00:10 . Memory (MB): peak = 1538.035 ; gain = 752.410
---------------------------------------------------------------------------------
---------------------------------------------------------------------------------
Start Handling Custom Attributes
---------------------------------------------------------------------------------
---------------------------------------------------------------------------------
Finished Handling Custom Attributes : Time (s): cpu = 00:00:10 ; elapsed = 00:00:10 . Memory (MB): peak = 1538.035 ; gain = 752.410
---------------------------------------------------------------------------------
---------------------------------------------------------------------------------
Finished RTL Optimization Phase 1 : Time (s): cpu = 00:00:10 ; elapsed = 00:00:10 . Memory (MB): peak = 1538.035 ; gain = 752.410
---------------------------------------------------------------------------------
Netlist sorting complete. Time (s): cpu = 00:00:00 ; elapsed = 00:00:00.030 . Memory (MB): peak = 1538.035 ; gain = 0.000
INFO: [Project 1-570] Preparing netlist for logic optimization

Processing XDC Constraints
Initializing timing engine
Parsing XDC File [C:/Arvind/Projects/PMSS/VHDL/AB/13-08-2026/PMSS_AB_TEST/DAC16_RS422_SPI/DAC16_RS422_SPI.srcs/constrs_1/new/CH16.xdc]
Finished Parsing XDC File [C:/Arvind/Projects/PMSS/VHDL/AB/13-08-2026/PMSS_AB_TEST/DAC16_RS422_SPI/DAC16_RS422_SPI.srcs/constrs_1/new/CH16.xdc]
INFO: [Project 1-236] Implementation specific constraints were found while reading constraint file [C:/Arvind/Projects/PMSS/VHDL/AB/13-08-2026/PMSS_AB_TEST/DAC16_RS422_SPI/DAC16_RS422_SPI.srcs/constrs_1/new/CH16.xdc]. These constraints will be ignored for synthesis but will be used in implementation. Impacted constraints are listed in the file [.Xil/dac16_uart_controller_propImpl.xdc].
Resolution: To avoid this warning, move constraints listed in [.Xil/dac16_uart_controller_propImpl.xdc] to another XDC file and exclude this new file from synthesis with the used_in_synthesis property (File Properties dialog in GUI) and re-run elaboration/synthesis.
Completed Processing XDC Constraints

Netlist sorting complete. Time (s): cpu = 00:00:00 ; elapsed = 00:00:00.003 . Memory (MB): peak = 1603.473 ; gain = 0.000
INFO: [Project 1-111] Unisim Transformation Summary:
No Unisim elements were transformed.

Constraint Validation Runtime : Time (s): cpu = 00:00:00 ; elapsed = 00:00:00.070 . Memory (MB): peak = 1605.094 ; gain = 0.000
---------------------------------------------------------------------------------
Finished Constraint Validation : Time (s): cpu = 00:00:20 ; elapsed = 00:00:21 . Memory (MB): peak = 1605.094 ; gain = 819.469
---------------------------------------------------------------------------------
---------------------------------------------------------------------------------
Start Loading Part and Timing Information
---------------------------------------------------------------------------------
Loading part: xc7a100tcsg324-2
---------------------------------------------------------------------------------
Finished Loading Part and Timing Information : Time (s): cpu = 00:00:20 ; elapsed = 00:00:21 . Memory (MB): peak = 1605.094 ; gain = 819.469
---------------------------------------------------------------------------------
---------------------------------------------------------------------------------
Start Applying 'set_property' XDC Constraints
---------------------------------------------------------------------------------
---------------------------------------------------------------------------------
Finished applying 'set_property' XDC Constraints : Time (s): cpu = 00:00:20 ; elapsed = 00:00:21 . Memory (MB): peak = 1605.094 ; gain = 819.469
---------------------------------------------------------------------------------
INFO: [Synth 8-802] inferred FSM for state register 'tx_state_reg' in module 'uart_phy'
INFO: [Synth 8-802] inferred FSM for state register 'rx_state_reg' in module 'uart_phy'
INFO: [Synth 8-802] inferred FSM for state register 'tx_state_reg' in module 'rs422_packet_controller'
INFO: [Synth 8-802] inferred FSM for state register 'state_reg' in module 'dac_ad3551r_ch'
INFO: [Synth 8-802] inferred FSM for state register 'state_reg' in module 'dac_ad3551r_ch__parameterized0'
INFO: [Synth 8-802] inferred FSM for state register 'state_reg' in module 'dac_ad3551r_ch__parameterized1'
INFO: [Synth 8-802] inferred FSM for state register 'state_reg' in module 'dac_ad3551r_ch__parameterized2'
INFO: [Synth 8-802] inferred FSM for state register 'state_reg' in module 'dac_ad3551r_ch__parameterized3'
INFO: [Synth 8-802] inferred FSM for state register 'state_reg' in module 'dac_ad3551r_ch__parameterized4'
INFO: [Synth 8-802] inferred FSM for state register 'state_reg' in module 'dac_ad3551r_ch__parameterized5'
INFO: [Synth 8-802] inferred FSM for state register 'state_reg' in module 'dac_ad3551r_ch__parameterized6'
INFO: [Synth 8-802] inferred FSM for state register 'state_reg' in module 'dac_ad3551r_ch__parameterized7'
INFO: [Synth 8-802] inferred FSM for state register 'state_reg' in module 'dac_ad3551r_ch__parameterized8'
INFO: [Synth 8-802] inferred FSM for state register 'state_reg' in module 'dac_ad3551r_ch__parameterized9'
INFO: [Synth 8-802] inferred FSM for state register 'state_reg' in module 'dac_ad3551r_ch__parameterized10'
INFO: [Synth 8-802] inferred FSM for state register 'state_reg' in module 'dac_ad3551r_ch__parameterized11'
INFO: [Synth 8-802] inferred FSM for state register 'state_reg' in module 'dac_ad3551r_ch__parameterized12'
INFO: [Synth 8-802] inferred FSM for state register 'state_reg' in module 'dac_ad3551r_ch__parameterized13'
INFO: [Synth 8-802] inferred FSM for state register 'state_reg' in module 'dac_ad3551r_ch__parameterized14'
INFO: [Synth 8-802] inferred FSM for state register 'app_state_reg' in module 'dac16_uart_controller'
---------------------------------------------------------------------------------------------------
                   State |                     New Encoding |                Previous Encoding 
---------------------------------------------------------------------------------------------------
                    idle |                               00 |                               00
               start_bit |                               01 |                               01
               data_bits |                               10 |                               10
                stop_bit |                               11 |                               11
---------------------------------------------------------------------------------------------------
INFO: [Synth 8-3354] encoded FSM with state register 'tx_state_reg' using encoding 'sequential' in module 'uart_phy'
---------------------------------------------------------------------------------------------------
                   State |                     New Encoding |                Previous Encoding 
---------------------------------------------------------------------------------------------------
                    idle |                               00 |                               00
               start_bit |                               01 |                               01
               data_bits |                               10 |                               10
                stop_bit |                               11 |                               11
---------------------------------------------------------------------------------------------------
INFO: [Synth 8-3354] encoded FSM with state register 'rx_state_reg' using encoding 'sequential' in module 'uart_phy'
---------------------------------------------------------------------------------------------------
                   State |                     New Encoding |                Previous Encoding 
---------------------------------------------------------------------------------------------------
                    idle |                              001 |                               00
               send_byte |                              010 |                               01
          wait_byte_done |                              100 |                               10
---------------------------------------------------------------------------------------------------
INFO: [Synth 8-3354] encoded FSM with state register 'tx_state_reg' using encoding 'one-hot' in module 'rs422_packet_controller'
---------------------------------------------------------------------------------------------------
                   State |                     New Encoding |                Previous Encoding 
---------------------------------------------------------------------------------------------------
                st_reset |                        000000001 |                             0000
             st_wait_rdy |                        000000010 |                             0001
              st_cfg_pwr |                        000000100 |                             0010
         st_cfg_pwr_wait |                        000001000 |                             0011
              st_cfg_rng |                        000010000 |                             0100
         st_cfg_rng_wait |                        000100000 |                             0101
              st_cfg_dac |                        001000000 |                             0110
         st_cfg_dac_wait |                        010000000 |                             0111
                 st_idle |                        100000000 |                             1000
---------------------------------------------------------------------------------------------------
INFO: [Synth 8-3354] encoded FSM with state register 'state_reg' using encoding 'one-hot' in module 'dac_ad3551r_ch'
---------------------------------------------------------------------------------------------------
                   State |                     New Encoding |                Previous Encoding 
---------------------------------------------------------------------------------------------------
                st_reset |                        000000001 |                             0000
             st_wait_rdy |                        000000010 |                             0001
              st_cfg_pwr |                        000000100 |                             0010
         st_cfg_pwr_wait |                        000001000 |                             0011
              st_cfg_rng |                        000010000 |                             0100
         st_cfg_rng_wait |                        000100000 |                             0101
              st_cfg_dac |                        001000000 |                             0110
         st_cfg_dac_wait |                        010000000 |                             0111
                 st_idle |                        100000000 |                             1000
---------------------------------------------------------------------------------------------------
INFO: [Synth 8-3354] encoded FSM with state register 'state_reg' using encoding 'one-hot' in module 'dac_ad3551r_ch__parameterized0'
---------------------------------------------------------------------------------------------------
                   State |                     New Encoding |                Previous Encoding 
---------------------------------------------------------------------------------------------------
                st_reset |                        000000001 |                             0000
             st_wait_rdy |                        000000010 |                             0001
              st_cfg_pwr |                        000000100 |                             0010
         st_cfg_pwr_wait |                        000001000 |                             0011
              st_cfg_rng |                        000010000 |                             0100
         st_cfg_rng_wait |                        000100000 |                             0101
              st_cfg_dac |                        001000000 |                             0110
         st_cfg_dac_wait |                        010000000 |                             0111
                 st_idle |                        100000000 |                             1000
---------------------------------------------------------------------------------------------------
INFO: [Synth 8-3354] encoded FSM with state register 'state_reg' using encoding 'one-hot' in module 'dac_ad3551r_ch__parameterized1'
---------------------------------------------------------------------------------------------------
                   State |                     New Encoding |                Previous Encoding 
---------------------------------------------------------------------------------------------------
                st_reset |                        000000001 |                             0000
             st_wait_rdy |                        000000010 |                             0001
              st_cfg_pwr |                        000000100 |                             0010
         st_cfg_pwr_wait |                        000001000 |                             0011
              st_cfg_rng |                        000010000 |                             0100
         st_cfg_rng_wait |                        000100000 |                             0101
              st_cfg_dac |                        001000000 |                             0110
         st_cfg_dac_wait |                        010000000 |                             0111
                 st_idle |                        100000000 |                             1000
---------------------------------------------------------------------------------------------------
INFO: [Synth 8-3354] encoded FSM with state register 'state_reg' using encoding 'one-hot' in module 'dac_ad3551r_ch__parameterized2'
---------------------------------------------------------------------------------------------------
                   State |                     New Encoding |                Previous Encoding 
---------------------------------------------------------------------------------------------------
                st_reset |                        000000001 |                             0000
             st_wait_rdy |                        000000010 |                             0001
              st_cfg_pwr |                        000000100 |                             0010
         st_cfg_pwr_wait |                        000001000 |                             0011
              st_cfg_rng |                        000010000 |                             0100
         st_cfg_rng_wait |                        000100000 |                             0101
              st_cfg_dac |                        001000000 |                             0110
         st_cfg_dac_wait |                        010000000 |                             0111
                 st_idle |                        100000000 |                             1000
---------------------------------------------------------------------------------------------------
INFO: [Synth 8-3354] encoded FSM with state register 'state_reg' using encoding 'one-hot' in module 'dac_ad3551r_ch__parameterized3'
---------------------------------------------------------------------------------------------------
                   State |                     New Encoding |                Previous Encoding 
---------------------------------------------------------------------------------------------------
                st_reset |                        000000001 |                             0000
             st_wait_rdy |                        000000010 |                             0001
              st_cfg_pwr |                        000000100 |                             0010
         st_cfg_pwr_wait |                        000001000 |                             0011
              st_cfg_rng |                        000010000 |                             0100
         st_cfg_rng_wait |                        000100000 |                             0101
              st_cfg_dac |                        001000000 |                             0110
         st_cfg_dac_wait |                        010000000 |                             0111
                 st_idle |                        100000000 |                             1000
---------------------------------------------------------------------------------------------------
INFO: [Synth 8-3354] encoded FSM with state register 'state_reg' using encoding 'one-hot' in module 'dac_ad3551r_ch__parameterized4'
---------------------------------------------------------------------------------------------------
                   State |                     New Encoding |                Previous Encoding 
---------------------------------------------------------------------------------------------------
                st_reset |                        000000001 |                             0000
             st_wait_rdy |                        000000010 |                             0001
              st_cfg_pwr |                        000000100 |                             0010
         st_cfg_pwr_wait |                        000001000 |                             0011
              st_cfg_rng |                        000010000 |                             0100
         st_cfg_rng_wait |                        000100000 |                             0101
              st_cfg_dac |                        001000000 |                             0110
         st_cfg_dac_wait |                        010000000 |                             0111
                 st_idle |                        100000000 |                             1000
---------------------------------------------------------------------------------------------------
INFO: [Synth 8-3354] encoded FSM with state register 'state_reg' using encoding 'one-hot' in module 'dac_ad3551r_ch__parameterized5'
---------------------------------------------------------------------------------------------------
                   State |                     New Encoding |                Previous Encoding 
---------------------------------------------------------------------------------------------------
                st_reset |                        000000001 |                             0000
             st_wait_rdy |                        000000010 |                             0001
              st_cfg_pwr |                        000000100 |                             0010
         st_cfg_pwr_wait |                        000001000 |                             0011
              st_cfg_rng |                        000010000 |                             0100
         st_cfg_rng_wait |                        000100000 |                             0101
              st_cfg_dac |                        001000000 |                             0110
         st_cfg_dac_wait |                        010000000 |                             0111
                 st_idle |                        100000000 |                             1000
---------------------------------------------------------------------------------------------------
INFO: [Synth 8-3354] encoded FSM with state register 'state_reg' using encoding 'one-hot' in module 'dac_ad3551r_ch__parameterized6'
---------------------------------------------------------------------------------------------------
                   State |                     New Encoding |                Previous Encoding 
---------------------------------------------------------------------------------------------------
                st_reset |                        000000001 |                             0000
             st_wait_rdy |                        000000010 |                             0001
              st_cfg_pwr |                        000000100 |                             0010
         st_cfg_pwr_wait |                        000001000 |                             0011
              st_cfg_rng |                        000010000 |                             0100
         st_cfg_rng_wait |                        000100000 |                             0101
              st_cfg_dac |                        001000000 |                             0110
         st_cfg_dac_wait |                        010000000 |                             0111
                 st_idle |                        100000000 |                             1000
---------------------------------------------------------------------------------------------------
INFO: [Synth 8-3354] encoded FSM with state register 'state_reg' using encoding 'one-hot' in module 'dac_ad3551r_ch__parameterized7'
---------------------------------------------------------------------------------------------------
                   State |                     New Encoding |                Previous Encoding 
---------------------------------------------------------------------------------------------------
                st_reset |                        000000001 |                             0000
             st_wait_rdy |                        000000010 |                             0001
              st_cfg_pwr |                        000000100 |                             0010
         st_cfg_pwr_wait |                        000001000 |                             0011
              st_cfg_rng |                        000010000 |                             0100
         st_cfg_rng_wait |                        000100000 |                             0101
              st_cfg_dac |                        001000000 |                             0110
         st_cfg_dac_wait |                        010000000 |                             0111
                 st_idle |                        100000000 |                             1000
---------------------------------------------------------------------------------------------------
INFO: [Synth 8-3354] encoded FSM with state register 'state_reg' using encoding 'one-hot' in module 'dac_ad3551r_ch__parameterized8'
---------------------------------------------------------------------------------------------------
                   State |                     New Encoding |                Previous Encoding 
---------------------------------------------------------------------------------------------------
                st_reset |                        000000001 |                             0000
             st_wait_rdy |                        000000010 |                             0001
              st_cfg_pwr |                        000000100 |                             0010
         st_cfg_pwr_wait |                        000001000 |                             0011
              st_cfg_rng |                        000010000 |                             0100
         st_cfg_rng_wait |                        000100000 |                             0101
              st_cfg_dac |                        001000000 |                             0110
         st_cfg_dac_wait |                        010000000 |                             0111
                 st_idle |                        100000000 |                             1000
---------------------------------------------------------------------------------------------------
INFO: [Synth 8-3354] encoded FSM with state register 'state_reg' using encoding 'one-hot' in module 'dac_ad3551r_ch__parameterized9'
---------------------------------------------------------------------------------------------------
                   State |                     New Encoding |                Previous Encoding 
---------------------------------------------------------------------------------------------------
                st_reset |                        000000001 |                             0000
             st_wait_rdy |                        000000010 |                             0001
              st_cfg_pwr |                        000000100 |                             0010
         st_cfg_pwr_wait |                        000001000 |                             0011
              st_cfg_rng |                        000010000 |                             0100
         st_cfg_rng_wait |                        000100000 |                             0101
              st_cfg_dac |                        001000000 |                             0110
         st_cfg_dac_wait |                        010000000 |                             0111
                 st_idle |                        100000000 |                             1000
---------------------------------------------------------------------------------------------------
INFO: [Synth 8-3354] encoded FSM with state register 'state_reg' using encoding 'one-hot' in module 'dac_ad3551r_ch__parameterized10'
---------------------------------------------------------------------------------------------------
                   State |                     New Encoding |                Previous Encoding 
---------------------------------------------------------------------------------------------------
                st_reset |                        000000001 |                             0000
             st_wait_rdy |                        000000010 |                             0001
              st_cfg_pwr |                        000000100 |                             0010
         st_cfg_pwr_wait |                        000001000 |                             0011
              st_cfg_rng |                        000010000 |                             0100
         st_cfg_rng_wait |                        000100000 |                             0101
              st_cfg_dac |                        001000000 |                             0110
         st_cfg_dac_wait |                        010000000 |                             0111
                 st_idle |                        100000000 |                             1000
---------------------------------------------------------------------------------------------------
INFO: [Synth 8-3354] encoded FSM with state register 'state_reg' using encoding 'one-hot' in module 'dac_ad3551r_ch__parameterized11'
---------------------------------------------------------------------------------------------------
                   State |                     New Encoding |                Previous Encoding 
---------------------------------------------------------------------------------------------------
                st_reset |                        000000001 |                             0000
             st_wait_rdy |                        000000010 |                             0001
              st_cfg_pwr |                        000000100 |                             0010
         st_cfg_pwr_wait |                        000001000 |                             0011
              st_cfg_rng |                        000010000 |                             0100
         st_cfg_rng_wait |                        000100000 |                             0101
              st_cfg_dac |                        001000000 |                             0110
         st_cfg_dac_wait |                        010000000 |                             0111
                 st_idle |                        100000000 |                             1000
---------------------------------------------------------------------------------------------------
INFO: [Synth 8-3354] encoded FSM with state register 'state_reg' using encoding 'one-hot' in module 'dac_ad3551r_ch__parameterized12'
---------------------------------------------------------------------------------------------------
                   State |                     New Encoding |                Previous Encoding 
---------------------------------------------------------------------------------------------------
                st_reset |                        000000001 |                             0000
             st_wait_rdy |                        000000010 |                             0001
              st_cfg_pwr |                        000000100 |                             0010
         st_cfg_pwr_wait |                        000001000 |                             0011
              st_cfg_rng |                        000010000 |                             0100
         st_cfg_rng_wait |                        000100000 |                             0101
              st_cfg_dac |                        001000000 |                             0110
         st_cfg_dac_wait |                        010000000 |                             0111
                 st_idle |                        100000000 |                             1000
---------------------------------------------------------------------------------------------------
INFO: [Synth 8-3354] encoded FSM with state register 'state_reg' using encoding 'one-hot' in module 'dac_ad3551r_ch__parameterized13'
---------------------------------------------------------------------------------------------------
                   State |                     New Encoding |                Previous Encoding 
---------------------------------------------------------------------------------------------------
                st_reset |                        000000001 |                             0000
             st_wait_rdy |                        000000010 |                             0001
              st_cfg_pwr |                        000000100 |                             0010
         st_cfg_pwr_wait |                        000001000 |                             0011
              st_cfg_rng |                        000010000 |                             0100
         st_cfg_rng_wait |                        000100000 |                             0101
              st_cfg_dac |                        001000000 |                             0110
         st_cfg_dac_wait |                        010000000 |                             0111
                 st_idle |                        100000000 |                             1000
---------------------------------------------------------------------------------------------------
INFO: [Synth 8-3354] encoded FSM with state register 'state_reg' using encoding 'one-hot' in module 'dac_ad3551r_ch__parameterized14'
---------------------------------------------------------------------------------------------------
                   State |                     New Encoding |                Previous Encoding 
---------------------------------------------------------------------------------------------------
              st_wait_rx |                               00 |                               00
             st_validate |                               01 |                               01
          st_issue_write |                               10 |                               10
         st_wait_tx_free |                               11 |                               11
---------------------------------------------------------------------------------------------------
INFO: [Synth 8-3354] encoded FSM with state register 'app_state_reg' using encoding 'sequential' in module 'dac16_uart_controller'
---------------------------------------------------------------------------------
Finished RTL Optimization Phase 2 : Time (s): cpu = 00:00:23 ; elapsed = 00:00:24 . Memory (MB): peak = 1605.094 ; gain = 819.469
---------------------------------------------------------------------------------
---------------------------------------------------------------------------------
Start RTL Component Statistics 
---------------------------------------------------------------------------------
Detailed RTL Component Info : 
+---Adders : 
	   2 Input   25 Bit       Adders := 1     
	   2 Input   23 Bit       Adders := 16    
	   2 Input    9 Bit       Adders := 2     
	   2 Input    5 Bit       Adders := 16    
	   2 Input    4 Bit       Adders := 2     
	   2 Input    3 Bit       Adders := 2     
	   2 Input    2 Bit       Adders := 16    
+---Registers : 
	               25 Bit    Registers := 1     
	               24 Bit    Registers := 32    
	               23 Bit    Registers := 16    
	               16 Bit    Registers := 34    
	                9 Bit    Registers := 2     
	                8 Bit    Registers := 52    
	                5 Bit    Registers := 32    
	                4 Bit    Registers := 3     
	                3 Bit    Registers := 2     
	                2 Bit    Registers := 17    
	                1 Bit    Registers := 140   
+---Muxes : 
	   9 Input   24 Bit        Muxes := 16    
	   2 Input   24 Bit        Muxes := 32    
	   2 Input   23 Bit        Muxes := 32    
	   9 Input   23 Bit        Muxes := 16    
	   2 Input   16 Bit        Muxes := 2     
	   4 Input   16 Bit        Muxes := 1     
	   4 Input    9 Bit        Muxes := 2     
	   9 Input    9 Bit        Muxes := 16    
	   2 Input    8 Bit        Muxes := 19    
	   4 Input    8 Bit        Muxes := 1     
	   3 Input    8 Bit        Muxes := 6     
	   2 Input    5 Bit        Muxes := 16    
	   9 Input    5 Bit        Muxes := 16    
	   3 Input    4 Bit        Muxes := 1     
	   2 Input    4 Bit        Muxes := 1     
	   4 Input    3 Bit        Muxes := 2     
	   3 Input    3 Bit        Muxes := 1     
	   2 Input    3 Bit        Muxes := 1     
	   4 Input    2 Bit        Muxes := 3     
	   2 Input    2 Bit        Muxes := 2     
	   4 Input    1 Bit        Muxes := 35    
	   2 Input    1 Bit        Muxes := 266   
	   3 Input    1 Bit        Muxes := 6     
	   9 Input    1 Bit        Muxes := 96    
---------------------------------------------------------------------------------
Finished RTL Component Statistics 
---------------------------------------------------------------------------------
---------------------------------------------------------------------------------
Start Part Resource Summary
---------------------------------------------------------------------------------
Part Resources:
DSPs: 240 (col length:80)
BRAMs: 270 (col length: RAMB18 80 RAMB36 40)
---------------------------------------------------------------------------------
Finished Part Resource Summary
---------------------------------------------------------------------------------
---------------------------------------------------------------------------------
Start Cross Boundary and Area Optimization
---------------------------------------------------------------------------------
WARNING: [Synth 8-3917] design dac16_uart_controller has port RS422_EN driven by constant 1
WARNING: [Synth 8-3917] design dac16_uart_controller has port RS422_nEN driven by constant 0
WARNING: [Synth 8-3917] design dac16_uart_controller has port BUS_DATA[15] driven by constant 1
WARNING: [Synth 8-3917] design dac16_uart_controller has port BUS_DATA[14] driven by constant 0
WARNING: [Synth 8-3917] design dac16_uart_controller has port BUS_DATA[13] driven by constant 1
WARNING: [Synth 8-3917] design dac16_uart_controller has port BUS_DATA[12] driven by constant 0
WARNING: [Synth 8-3917] design dac16_uart_controller has port BUS_DATA[11] driven by constant 1
WARNING: [Synth 8-3917] design dac16_uart_controller has port BUS_DATA[10] driven by constant 0
WARNING: [Synth 8-3917] design dac16_uart_controller has port BUS_DATA[9] driven by constant 1
WARNING: [Synth 8-3917] design dac16_uart_controller has port BUS_DATA[8] driven by constant 0
WARNING: [Synth 8-3917] design dac16_uart_controller has port BUS_DATA[7] driven by constant 1
WARNING: [Synth 8-3917] design dac16_uart_controller has port BUS_DATA[6] driven by constant 0
WARNING: [Synth 8-3917] design dac16_uart_controller has port BUS_DATA[5] driven by constant 1
WARNING: [Synth 8-3917] design dac16_uart_controller has port BUS_DATA[4] driven by constant 0
WARNING: [Synth 8-3917] design dac16_uart_controller has port BUS_DATA[3] driven by constant 1
WARNING: [Synth 8-3917] design dac16_uart_controller has port BUS_DATA[2] driven by constant 0
WARNING: [Synth 8-3917] design dac16_uart_controller has port BUS_DATA[1] driven by constant 1
WARNING: [Synth 8-3917] design dac16_uart_controller has port BUS_DATA[0] driven by constant 0
---------------------------------------------------------------------------------
Finished Cross Boundary and Area Optimization : Time (s): cpu = 00:00:33 ; elapsed = 00:00:34 . Memory (MB): peak = 1609.180 ; gain = 823.555
---------------------------------------------------------------------------------
---------------------------------------------------------------------------------
Start Applying XDC Timing Constraints
---------------------------------------------------------------------------------
---------------------------------------------------------------------------------
Finished Applying XDC Timing Constraints : Time (s): cpu = 00:00:39 ; elapsed = 00:00:41 . Memory (MB): peak = 1746.387 ; gain = 960.762
---------------------------------------------------------------------------------
---------------------------------------------------------------------------------
Start Timing Optimization
---------------------------------------------------------------------------------
---------------------------------------------------------------------------------
Finished Timing Optimization : Time (s): cpu = 00:00:40 ; elapsed = 00:00:42 . Memory (MB): peak = 1781.988 ; gain = 996.363
---------------------------------------------------------------------------------
---------------------------------------------------------------------------------
Start Technology Mapping
---------------------------------------------------------------------------------
---------------------------------------------------------------------------------
Finished Technology Mapping : Time (s): cpu = 00:00:41 ; elapsed = 00:00:43 . Memory (MB): peak = 1784.039 ; gain = 998.414
---------------------------------------------------------------------------------
---------------------------------------------------------------------------------
Start IO Insertion
---------------------------------------------------------------------------------
---------------------------------------------------------------------------------
Start Flattening Before IO Insertion
---------------------------------------------------------------------------------
---------------------------------------------------------------------------------
Finished Flattening Before IO Insertion
---------------------------------------------------------------------------------
---------------------------------------------------------------------------------
Start Final Netlist Cleanup
---------------------------------------------------------------------------------
---------------------------------------------------------------------------------
Finished Final Netlist Cleanup
---------------------------------------------------------------------------------
---------------------------------------------------------------------------------
Finished IO Insertion : Time (s): cpu = 00:00:46 ; elapsed = 00:00:48 . Memory (MB): peak = 2034.781 ; gain = 1249.156
---------------------------------------------------------------------------------
---------------------------------------------------------------------------------
Start Renaming Generated Instances
---------------------------------------------------------------------------------
---------------------------------------------------------------------------------
Finished Renaming Generated Instances : Time (s): cpu = 00:00:46 ; elapsed = 00:00:48 . Memory (MB): peak = 2034.781 ; gain = 1249.156
---------------------------------------------------------------------------------
---------------------------------------------------------------------------------
Start Rebuilding User Hierarchy
---------------------------------------------------------------------------------
---------------------------------------------------------------------------------
Finished Rebuilding User Hierarchy : Time (s): cpu = 00:00:47 ; elapsed = 00:00:49 . Memory (MB): peak = 2034.781 ; gain = 1249.156
---------------------------------------------------------------------------------
---------------------------------------------------------------------------------
Start Renaming Generated Ports
---------------------------------------------------------------------------------
---------------------------------------------------------------------------------
Finished Renaming Generated Ports : Time (s): cpu = 00:00:47 ; elapsed = 00:00:49 . Memory (MB): peak = 2034.781 ; gain = 1249.156
---------------------------------------------------------------------------------
---------------------------------------------------------------------------------
Start Handling Custom Attributes
---------------------------------------------------------------------------------
---------------------------------------------------------------------------------
Finished Handling Custom Attributes : Time (s): cpu = 00:00:47 ; elapsed = 00:00:49 . Memory (MB): peak = 2034.781 ; gain = 1249.156
---------------------------------------------------------------------------------
---------------------------------------------------------------------------------
Start Renaming Generated Nets
---------------------------------------------------------------------------------
---------------------------------------------------------------------------------
Finished Renaming Generated Nets : Time (s): cpu = 00:00:47 ; elapsed = 00:00:49 . Memory (MB): peak = 2034.781 ; gain = 1249.156
---------------------------------------------------------------------------------
---------------------------------------------------------------------------------
Start Writing Synthesis Report
---------------------------------------------------------------------------------

Report BlackBoxes: 
+-+--------------+----------+
| |BlackBox name |Instances |
+-+--------------+----------+
+-+--------------+----------+

Report Cell Usage: 
+------+-------+------+
|      |Cell   |Count |
+------+-------+------+
|1     |BUFG   |     1|
|2     |CARRY4 |   157|
|3     |LUT1   |    68|
|4     |LUT2   |   392|
|5     |LUT3   |   446|
|6     |LUT4   |   120|
|7     |LUT5   |   560|
|8     |LUT6   |   270|
|9     |MUXF7  |    10|
|10    |MUXF8  |     1|
|11    |FDRE   |  2301|
|12    |FDSE   |   179|
|13    |IBUF   |     3|
|14    |OBUF   |   134|
+------+-------+------+
---------------------------------------------------------------------------------
Finished Writing Synthesis Report : Time (s): cpu = 00:00:47 ; elapsed = 00:00:49 . Memory (MB): peak = 2034.781 ; gain = 1249.156
---------------------------------------------------------------------------------
Synthesis finished with 0 errors, 0 critical warnings and 18 warnings.
Synthesis Optimization Runtime : Time (s): cpu = 00:00:34 ; elapsed = 00:00:45 . Memory (MB): peak = 2034.781 ; gain = 1182.098
Synthesis Optimization Complete : Time (s): cpu = 00:00:47 ; elapsed = 00:00:49 . Memory (MB): peak = 2034.781 ; gain = 1249.156
INFO: [Project 1-571] Translating synthesized netlist
Netlist sorting complete. Time (s): cpu = 00:00:00 ; elapsed = 00:00:00.021 . Memory (MB): peak = 2043.852 ; gain = 0.000
INFO: [Netlist 29-17] Analyzing 168 Unisim elements for replacement
INFO: [Netlist 29-28] Unisim Transformation completed in 0 CPU seconds
INFO: [Project 1-570] Preparing netlist for logic optimization
INFO: [Opt 31-138] Pushed 0 inverter(s) to 0 load pin(s).
Netlist sorting complete. Time (s): cpu = 00:00:00 ; elapsed = 00:00:00.002 . Memory (MB): peak = 2047.543 ; gain = 0.000
INFO: [Project 1-111] Unisim Transformation Summary:
No Unisim elements were transformed.

Synth Design complete | Checksum: 708e0ace
INFO: [Common 17-83] Releasing license: Vivado_Synthesis
94 Infos, 36 Warnings, 0 Critical Warnings and 0 Errors encountered.
synth_design completed successfully
synth_design: Time (s): cpu = 00:00:52 ; elapsed = 00:00:57 . Memory (MB): peak = 2047.543 ; gain = 1461.762
Write ShapeDB Complete: Time (s): cpu = 00:00:00 ; elapsed = 00:00:00.004 . Memory (MB): peak = 2047.543 ; gain = 0.000
INFO: [Common 17-1381] The checkpoint 'C:/Arvind/Projects/PMSS/VHDL/AB/13-08-2026/PMSS_AB_TEST/DAC16_RS422_SPI/DAC16_RS422_SPI.runs/synth_1/dac16_uart_controller.dcp' has been generated.
INFO: [Vivado 12-24828] Executing command : report_utilization -file dac16_uart_controller_utilization_synth.rpt -pb dac16_uart_controller_utilization_synth.pb
INFO: [Common 17-206] Exiting Vivado at Fri Aug 28 17:05:44 2026...
