Copyright 1986-2022 Xilinx, Inc. All Rights Reserved. Copyright 2022-2026 Advanced Micro Devices, Inc. All Rights Reserved.
---------------------------------------------------------------------------------------------------------------------------------------------
| Tool Version : Vivado v.2026.1 (win64) Build 6511674 Tue Jun 16 11:02:23 MDT 2026
| Date         : Tue Aug 25 11:17:31 2026
| Host         : RTLPC running 64-bit major release  (build 9200)
| Command      : report_control_sets -verbose -file dac_test_control_sets_placed.rpt
| Design       : dac_test
| Device       : xc7a100t
---------------------------------------------------------------------------------------------------------------------------------------------

Control Set Information

Table of Contents
-----------------
1. Summary
2. Histogram
3. Flip-Flop Distribution
4. Detailed Control Set Information

1. Summary
----------

+----------------------------------------------------------+-------+
|                          Status                          | Count |
+----------------------------------------------------------+-------+
| Total control sets                                       |    12 |
|    Minimum number of control sets                        |    12 |
|    Addition due to synthesis replication                 |     0 |
|    Addition due to physical synthesis replication        |     0 |
| Unused register locations in slices containing registers |    52 |
+----------------------------------------------------------+-------+
* Control sets can be merged at opt_design using control_set_merge or merge_equivalent_drivers
** Run report_qor_suggestions for automated merging and remapping suggestions


2. Histogram
------------

+--------------------+-------+
|       Fanout       | Count |
+--------------------+-------+
| Total control sets |    12 |
| >= 0 to < 4        |     3 |
| >= 4 to < 6        |     3 |
| >= 6 to < 8        |     1 |
| >= 8 to < 10       |     2 |
| >= 10 to < 12      |     1 |
| >= 12 to < 14      |     0 |
| >= 14 to < 16      |     0 |
| >= 16              |     2 |
+--------------------+-------+
* Control sets can be remapped at either synth_design or opt_design


3. Flip-Flop Distribution
-------------------------

+--------------+-----------------------+------------------------+-----------------+--------------+
| Clock Enable | Synchronous Set/Reset | Asynchronous Set/Reset | Total Registers | Total Slices |
+--------------+-----------------------+------------------------+-----------------+--------------+
| No           | No                    | No                     |               7 |            3 |
| No           | No                    | Yes                    |               0 |            0 |
| No           | Yes                   | No                     |              25 |            7 |
| Yes          | No                    | No                     |              14 |            3 |
| Yes          | No                    | Yes                    |               0 |            0 |
| Yes          | Yes                   | No                     |              54 |           24 |
+--------------+-----------------------+------------------------+-----------------+--------------+


4. Detailed Control Set Information
-----------------------------------

+---------------------------+---------------------------------+---------------------------------+------------------+----------------+--------------+
|        Clock Signal       |          Enable Signal          |         Set/Reset Signal        | Slice Load Count | Bel Load Count | Bels / Slice |
+---------------------------+---------------------------------+---------------------------------+------------------+----------------+--------------+
|  FPGA_CLK_50MHZ_IBUF_BUFG | DAC_nCS_i_1_n_0                 | FSM_sequential_state[3]_i_1_n_0 |                1 |              1 |         1.00 |
|  FPGA_CLK_50MHZ_IBUF_BUFG | DAC_nRST_i_1_n_0                | FSM_sequential_state[3]_i_1_n_0 |                1 |              1 |         1.00 |
|  FPGA_CLK_50MHZ_IBUF_BUFG | sclk_int                        | sclk_int_i_1_n_0                |                1 |              2 |         2.00 |
|  FPGA_CLK_50MHZ_IBUF_BUFG | FSM_sequential_state[3]_i_2_n_0 | FSM_sequential_state[3]_i_1_n_0 |                2 |              4 |         2.00 |
|  FPGA_CLK_50MHZ_IBUF_BUFG | LATCH1_E_i_1_n_0                | FSM_sequential_state[3]_i_1_n_0 |                3 |              5 |         1.67 |
|  FPGA_CLK_50MHZ_IBUF_BUFG | spi_bits_req[3]_i_1_n_0         |                                 |                1 |              5 |         5.00 |
|  FPGA_CLK_50MHZ_IBUF_BUFG |                                 |                                 |                3 |              7 |         2.33 |
|  FPGA_CLK_50MHZ_IBUF_BUFG | tx_reg[20]_i_1_n_0              | tx_reg[23]_i_1_n_0              |                4 |              8 |         2.00 |
|  FPGA_CLK_50MHZ_IBUF_BUFG | tx_reg[20]_i_1_n_0              |                                 |                2 |              9 |         4.50 |
|  FPGA_CLK_50MHZ_IBUF_BUFG | tx_reg[20]_i_1_n_0              | tx_reg[21]_i_1_n_0              |                2 |             10 |         5.00 |
|  FPGA_CLK_50MHZ_IBUF_BUFG | delay_cnt[22]_i_1_n_0           | FSM_sequential_state[3]_i_1_n_0 |               10 |             23 |         2.30 |
|  FPGA_CLK_50MHZ_IBUF_BUFG |                                 | hb_val                          |                7 |             25 |         3.57 |
+---------------------------+---------------------------------+---------------------------------+------------------+----------------+--------------+


