Copyright 1986-2022 Xilinx, Inc. All Rights Reserved. Copyright 2022-2026 Advanced Micro Devices, Inc. All Rights Reserved.
---------------------------------------------------------------------------------------------------------------------------------------------
| Tool Version : Vivado v.2026.1 (win64) Build 6511674 Tue Jun 16 11:02:23 MDT 2026
| Date         : Fri Aug 28 17:06:34 2026
| Host         : RTLPC running 64-bit major release  (build 9200)
| Command      : report_control_sets -verbose -file dac16_uart_controller_control_sets_placed.rpt
| Design       : dac16_uart_controller
| Device       : xc7a100t
---------------------------------------------------------------------------------------------------------------------------------------------

Control Set Information

Table of Contents
-----------------
1. Summary
2. Histogram
3. Flip-Flop Distribution
4. Detailed Control Set Information

1. Summary
----------

+----------------------------------------------------------+-------+
|                          Status                          | Count |
+----------------------------------------------------------+-------+
| Total control sets                                       |   194 |
|    Minimum number of control sets                        |   194 |
|    Addition due to synthesis replication                 |     0 |
|    Addition due to physical synthesis replication        |     0 |
| Unused register locations in slices containing registers |   647 |
+----------------------------------------------------------+-------+
* Control sets can be merged at opt_design using control_set_merge or merge_equivalent_drivers
** Run report_qor_suggestions for automated merging and remapping suggestions


2. Histogram
------------

+--------------------+-------+
|       Fanout       | Count |
+--------------------+-------+
| Total control sets |   194 |
| >= 0 to < 4        |    48 |
| >= 4 to < 6        |    34 |
| >= 6 to < 8        |     0 |
| >= 8 to < 10       |    21 |
| >= 10 to < 12      |     0 |
| >= 12 to < 14      |     0 |
| >= 14 to < 16      |    16 |
| >= 16              |    75 |
+--------------------+-------+
* Control sets can be remapped at either synth_design or opt_design


3. Flip-Flop Distribution
-------------------------

+--------------+-----------------------+------------------------+-----------------+--------------+
| Clock Enable | Synchronous Set/Reset | Asynchronous Set/Reset | Total Registers | Total Slices |
+--------------+-----------------------+------------------------+-----------------+--------------+
| No           | No                    | No                     |              86 |           47 |
| No           | No                    | Yes                    |               0 |            0 |
| No           | Yes                   | No                     |             121 |           56 |
| Yes          | No                    | No                     |             978 |          212 |
| Yes          | No                    | Yes                    |               0 |            0 |
| Yes          | Yes                   | No                     |            1288 |          397 |
+--------------+-----------------------+------------------------+-----------------+--------------+


4. Detailed Control Set Information
-----------------------------------

+---------------------------+----------------------------------------------------------+-------------------------------------------------------+------------------+----------------+--------------+
|        Clock Signal       |                       Enable Signal                      |                    Set/Reset Signal                   | Slice Load Count | Bel Load Count | Bels / Slice |
+---------------------------+----------------------------------------------------------+-------------------------------------------------------+------------------+----------------+--------------+
|  FPGA_CLK_50MHZ_IBUF_BUFG | gen_channels[1].ch_inst/sclk_int                         | gen_channels[1].ch_inst/sclk_int_i_1__0_n_0           |                1 |              1 |         1.00 |
|  FPGA_CLK_50MHZ_IBUF_BUFG | gen_channels[5].ch_inst/DAC_nCS_i_1__4_n_0               | u_rs422/u_uart_phy/RST_SW                             |                1 |              1 |         1.00 |
|  FPGA_CLK_50MHZ_IBUF_BUFG | gen_channels[7].ch_inst/sclk_int                         | gen_channels[7].ch_inst/sclk_int_i_1__6_n_0           |                1 |              1 |         1.00 |
|  FPGA_CLK_50MHZ_IBUF_BUFG | gen_channels[7].ch_inst/FSM_onehot_state_reg_n_0_[0]     | u_rs422/u_uart_phy/RST_SW                             |                1 |              1 |         1.00 |
|  FPGA_CLK_50MHZ_IBUF_BUFG | gen_channels[14].ch_inst/FSM_onehot_state_reg_n_0_[0]    | u_rs422/u_uart_phy/RST_SW                             |                1 |              1 |         1.00 |
|  FPGA_CLK_50MHZ_IBUF_BUFG | gen_channels[3].ch_inst/sclk_int                         | gen_channels[3].ch_inst/sclk_int_i_1__2_n_0           |                1 |              1 |         1.00 |
|  FPGA_CLK_50MHZ_IBUF_BUFG | gen_channels[10].ch_inst/FSM_onehot_state_reg_n_0_[0]    | u_rs422/u_uart_phy/RST_SW                             |                1 |              1 |         1.00 |
|  FPGA_CLK_50MHZ_IBUF_BUFG | gen_channels[10].ch_inst/DAC_nCS_i_1__9_n_0              | u_rs422/u_uart_phy/RST_SW                             |                1 |              1 |         1.00 |
|  FPGA_CLK_50MHZ_IBUF_BUFG | gen_channels[7].ch_inst/DAC_nCS_i_1__6_n_0               | u_rs422/u_uart_phy/RST_SW                             |                1 |              1 |         1.00 |
|  FPGA_CLK_50MHZ_IBUF_BUFG | gen_channels[10].ch_inst/sclk_int                        | gen_channels[10].ch_inst/sclk_int_i_1__9_n_0          |                1 |              1 |         1.00 |
|  FPGA_CLK_50MHZ_IBUF_BUFG | gen_channels[3].ch_inst/DAC_nCS_i_1__2_n_0               | u_rs422/u_uart_phy/RST_SW                             |                1 |              1 |         1.00 |
|  FPGA_CLK_50MHZ_IBUF_BUFG | gen_channels[14].ch_inst/sclk_int                        | gen_channels[14].ch_inst/sclk_int_i_1__13_n_0         |                1 |              1 |         1.00 |
|  FPGA_CLK_50MHZ_IBUF_BUFG | gen_channels[9].ch_inst/sclk_int                         | gen_channels[9].ch_inst/sclk_int_i_1__8_n_0           |                1 |              1 |         1.00 |
|  FPGA_CLK_50MHZ_IBUF_BUFG | gen_channels[9].ch_inst/DAC_nCS_i_1__8_n_0               | u_rs422/u_uart_phy/RST_SW                             |                1 |              1 |         1.00 |
|  FPGA_CLK_50MHZ_IBUF_BUFG | gen_channels[4].ch_inst/sclk_int                         | gen_channels[4].ch_inst/sclk_int_i_1__3_n_0           |                1 |              1 |         1.00 |
|  FPGA_CLK_50MHZ_IBUF_BUFG | gen_channels[14].ch_inst/DAC_nCS_i_1__13_n_0             | u_rs422/u_uart_phy/RST_SW                             |                1 |              1 |         1.00 |
|  FPGA_CLK_50MHZ_IBUF_BUFG | gen_channels[3].ch_inst/FSM_onehot_state_reg_n_0_[0]     | u_rs422/u_uart_phy/RST_SW                             |                1 |              1 |         1.00 |
|  FPGA_CLK_50MHZ_IBUF_BUFG | gen_channels[1].ch_inst/FSM_onehot_state_reg_n_0_[0]     | u_rs422/u_uart_phy/RST_SW                             |                1 |              1 |         1.00 |
|  FPGA_CLK_50MHZ_IBUF_BUFG | gen_channels[13].ch_inst/sclk_int                        | gen_channels[13].ch_inst/sclk_int_i_1__12_n_0         |                1 |              1 |         1.00 |
|  FPGA_CLK_50MHZ_IBUF_BUFG | gen_channels[6].ch_inst/sclk_int                         | gen_channels[6].ch_inst/sclk_int_i_1__5_n_0           |                1 |              1 |         1.00 |
|  FPGA_CLK_50MHZ_IBUF_BUFG | gen_channels[13].ch_inst/DAC_nCS_i_1__12_n_0             | u_rs422/u_uart_phy/RST_SW                             |                1 |              1 |         1.00 |
|  FPGA_CLK_50MHZ_IBUF_BUFG | gen_channels[9].ch_inst/FSM_onehot_state_reg_n_0_[0]     | u_rs422/u_uart_phy/RST_SW                             |                1 |              1 |         1.00 |
|  FPGA_CLK_50MHZ_IBUF_BUFG | gen_channels[6].ch_inst/FSM_onehot_state_reg_n_0_[0]     | u_rs422/u_uart_phy/RST_SW                             |                1 |              1 |         1.00 |
|  FPGA_CLK_50MHZ_IBUF_BUFG | gen_channels[13].ch_inst/FSM_onehot_state_reg_n_0_[0]    | u_rs422/u_uart_phy/RST_SW                             |                1 |              1 |         1.00 |
|  FPGA_CLK_50MHZ_IBUF_BUFG | gen_channels[4].ch_inst/DAC_nCS_i_1__3_n_0               | u_rs422/u_uart_phy/RST_SW                             |                1 |              1 |         1.00 |
|  FPGA_CLK_50MHZ_IBUF_BUFG | gen_channels[6].ch_inst/DAC_nCS_i_1__5_n_0               | u_rs422/u_uart_phy/RST_SW                             |                1 |              1 |         1.00 |
|  FPGA_CLK_50MHZ_IBUF_BUFG | gen_channels[1].ch_inst/DAC_nCS_i_1__0_n_0               | u_rs422/u_uart_phy/RST_SW                             |                1 |              1 |         1.00 |
|  FPGA_CLK_50MHZ_IBUF_BUFG | gen_channels[5].ch_inst/sclk_int                         | gen_channels[5].ch_inst/sclk_int_i_1__4_n_0           |                1 |              1 |         1.00 |
|  FPGA_CLK_50MHZ_IBUF_BUFG | gen_channels[2].ch_inst/FSM_onehot_state_reg_n_0_[0]     | u_rs422/u_uart_phy/RST_SW                             |                1 |              1 |         1.00 |
|  FPGA_CLK_50MHZ_IBUF_BUFG | gen_channels[12].ch_inst/sclk_int                        | gen_channels[12].ch_inst/sclk_int_i_1__11_n_0         |                1 |              1 |         1.00 |
|  FPGA_CLK_50MHZ_IBUF_BUFG | gen_channels[2].ch_inst/DAC_nCS_i_1__1_n_0               | u_rs422/u_uart_phy/RST_SW                             |                1 |              1 |         1.00 |
|  FPGA_CLK_50MHZ_IBUF_BUFG | gen_channels[12].ch_inst/DAC_nCS_i_1__11_n_0             | u_rs422/u_uart_phy/RST_SW                             |                1 |              1 |         1.00 |
|  FPGA_CLK_50MHZ_IBUF_BUFG | gen_channels[0].ch_inst/FSM_onehot_state_reg_n_0_[0]     | u_rs422/u_uart_phy/RST_SW                             |                1 |              1 |         1.00 |
|  FPGA_CLK_50MHZ_IBUF_BUFG | gen_channels[4].ch_inst/FSM_onehot_state_reg_n_0_[0]     | u_rs422/u_uart_phy/RST_SW                             |                1 |              1 |         1.00 |
|  FPGA_CLK_50MHZ_IBUF_BUFG | gen_channels[0].ch_inst/DAC_nCS_i_1_n_0                  | u_rs422/u_uart_phy/RST_SW                             |                1 |              1 |         1.00 |
|  FPGA_CLK_50MHZ_IBUF_BUFG | gen_channels[12].ch_inst/FSM_onehot_state_reg_n_0_[0]    | u_rs422/u_uart_phy/RST_SW                             |                1 |              1 |         1.00 |
|  FPGA_CLK_50MHZ_IBUF_BUFG | gen_channels[5].ch_inst/FSM_onehot_state_reg_n_0_[0]     | u_rs422/u_uart_phy/RST_SW                             |                1 |              1 |         1.00 |
|  FPGA_CLK_50MHZ_IBUF_BUFG | gen_channels[2].ch_inst/sclk_int                         | gen_channels[2].ch_inst/sclk_int_i_1__1_n_0           |                1 |              1 |         1.00 |
|  FPGA_CLK_50MHZ_IBUF_BUFG | gen_channels[11].ch_inst/DAC_nCS_i_1__10_n_0             | u_rs422/u_uart_phy/RST_SW                             |                1 |              1 |         1.00 |
|  FPGA_CLK_50MHZ_IBUF_BUFG | gen_channels[11].ch_inst/FSM_onehot_state_reg_n_0_[0]    | u_rs422/u_uart_phy/RST_SW                             |                1 |              1 |         1.00 |
|  FPGA_CLK_50MHZ_IBUF_BUFG | gen_channels[11].ch_inst/sclk_int                        | gen_channels[11].ch_inst/sclk_int_i_1__10_n_0         |                1 |              1 |         1.00 |
|  FPGA_CLK_50MHZ_IBUF_BUFG | gen_channels[15].ch_inst/sclk_int                        | gen_channels[15].ch_inst/sclk_int_i_1__14_n_0         |                1 |              1 |         1.00 |
|  FPGA_CLK_50MHZ_IBUF_BUFG | gen_channels[15].ch_inst/FSM_onehot_state_reg_n_0_[0]    | u_rs422/u_uart_phy/RST_SW                             |                1 |              1 |         1.00 |
|  FPGA_CLK_50MHZ_IBUF_BUFG | gen_channels[15].ch_inst/DAC_nCS_i_1__14_n_0             | u_rs422/u_uart_phy/RST_SW                             |                1 |              1 |         1.00 |
|  FPGA_CLK_50MHZ_IBUF_BUFG | gen_channels[8].ch_inst/DAC_nCS_i_1__7_n_0               | u_rs422/u_uart_phy/RST_SW                             |                1 |              1 |         1.00 |
|  FPGA_CLK_50MHZ_IBUF_BUFG | gen_channels[8].ch_inst/FSM_onehot_state_reg_n_0_[0]     | u_rs422/u_uart_phy/RST_SW                             |                1 |              1 |         1.00 |
|  FPGA_CLK_50MHZ_IBUF_BUFG | gen_channels[8].ch_inst/sclk_int                         | gen_channels[8].ch_inst/sclk_int_i_1__7_n_0           |                1 |              1 |         1.00 |
|  FPGA_CLK_50MHZ_IBUF_BUFG | gen_channels[0].ch_inst/sclk_int                         | gen_channels[0].ch_inst/sclk_int_i_1_n_0              |                1 |              2 |         2.00 |
|  FPGA_CLK_50MHZ_IBUF_BUFG | u_rs422/u_uart_phy/tx_done_reg_0[0]                      | u_rs422/u_uart_phy/RST_SW                             |                1 |              4 |         4.00 |
|  FPGA_CLK_50MHZ_IBUF_BUFG | sel_channel[0]                                           | u_rs422/u_uart_phy/RST_SW                             |                1 |              4 |         4.00 |
|  FPGA_CLK_50MHZ_IBUF_BUFG | gen_channels[1].ch_inst/spi_data_req[20]_i_1__0_n_0      |                                                       |                2 |              5 |         2.50 |
|  FPGA_CLK_50MHZ_IBUF_BUFG | gen_channels[14].ch_inst/spi_data_req[20]_i_1__13_n_0    |                                                       |                1 |              5 |         5.00 |
|  FPGA_CLK_50MHZ_IBUF_BUFG | gen_channels[1].ch_inst/spi_bit_cnt[0]                   |                                                       |                2 |              5 |         2.50 |
|  FPGA_CLK_50MHZ_IBUF_BUFG | gen_channels[12].ch_inst/spi_data_req[20]_i_1__11_n_0    |                                                       |                1 |              5 |         5.00 |
|  FPGA_CLK_50MHZ_IBUF_BUFG | gen_channels[12].ch_inst/spi_bit_cnt[0]                  |                                                       |                2 |              5 |         2.50 |
|  FPGA_CLK_50MHZ_IBUF_BUFG | gen_channels[3].ch_inst/spi_bit_cnt[0]                   |                                                       |                2 |              5 |         2.50 |
|  FPGA_CLK_50MHZ_IBUF_BUFG | gen_channels[13].ch_inst/spi_data_req[20]_i_1__12_n_0    |                                                       |                3 |              5 |         1.67 |
|  FPGA_CLK_50MHZ_IBUF_BUFG | gen_channels[2].ch_inst/spi_data_req[20]_i_1__1_n_0      |                                                       |                1 |              5 |         5.00 |
|  FPGA_CLK_50MHZ_IBUF_BUFG | gen_channels[7].ch_inst/spi_data_req[20]_i_1__6_n_0      |                                                       |                1 |              5 |         5.00 |
|  FPGA_CLK_50MHZ_IBUF_BUFG | gen_channels[15].ch_inst/spi_bit_cnt[0]                  |                                                       |                2 |              5 |         2.50 |
|  FPGA_CLK_50MHZ_IBUF_BUFG | gen_channels[2].ch_inst/spi_bit_cnt[0]                   |                                                       |                2 |              5 |         2.50 |
|  FPGA_CLK_50MHZ_IBUF_BUFG | gen_channels[13].ch_inst/spi_bit_cnt[0]                  |                                                       |                1 |              5 |         5.00 |
|  FPGA_CLK_50MHZ_IBUF_BUFG | gen_channels[15].ch_inst/spi_data_req[20]_i_1__14_n_0    |                                                       |                2 |              5 |         2.50 |
|  FPGA_CLK_50MHZ_IBUF_BUFG | gen_channels[10].ch_inst/spi_data_req[20]_i_1__9_n_0     |                                                       |                1 |              5 |         5.00 |
|  FPGA_CLK_50MHZ_IBUF_BUFG | gen_channels[6].ch_inst/spi_bit_cnt[0]                   |                                                       |                2 |              5 |         2.50 |
|  FPGA_CLK_50MHZ_IBUF_BUFG | gen_channels[11].ch_inst/spi_data_req[20]_i_1__10_n_0    |                                                       |                1 |              5 |         5.00 |
|  FPGA_CLK_50MHZ_IBUF_BUFG | gen_channels[3].ch_inst/spi_data_req[20]_i_1__2_n_0      |                                                       |                1 |              5 |         5.00 |
|  FPGA_CLK_50MHZ_IBUF_BUFG | gen_channels[10].ch_inst/spi_bit_cnt[0]                  |                                                       |                2 |              5 |         2.50 |
|  FPGA_CLK_50MHZ_IBUF_BUFG | gen_channels[6].ch_inst/spi_data_req[20]_i_1__5_n_0      |                                                       |                1 |              5 |         5.00 |
|  FPGA_CLK_50MHZ_IBUF_BUFG | gen_channels[11].ch_inst/spi_bit_cnt[0]                  |                                                       |                2 |              5 |         2.50 |
|  FPGA_CLK_50MHZ_IBUF_BUFG | gen_channels[5].ch_inst/spi_bit_cnt[0]                   |                                                       |                2 |              5 |         2.50 |
|  FPGA_CLK_50MHZ_IBUF_BUFG | gen_channels[4].ch_inst/spi_data_req[20]_i_1__3_n_0      |                                                       |                1 |              5 |         5.00 |
|  FPGA_CLK_50MHZ_IBUF_BUFG | gen_channels[7].ch_inst/spi_bit_cnt[0]                   |                                                       |                2 |              5 |         2.50 |
|  FPGA_CLK_50MHZ_IBUF_BUFG | gen_channels[5].ch_inst/spi_data_req[20]_i_1__4_n_0      |                                                       |                1 |              5 |         5.00 |
|  FPGA_CLK_50MHZ_IBUF_BUFG | gen_channels[9].ch_inst/spi_bit_cnt[0]                   |                                                       |                2 |              5 |         2.50 |
|  FPGA_CLK_50MHZ_IBUF_BUFG | gen_channels[8].ch_inst/spi_data_req[20]_i_1__7_n_0      |                                                       |                1 |              5 |         5.00 |
|  FPGA_CLK_50MHZ_IBUF_BUFG | gen_channels[0].ch_inst/spi_data_req[20]_i_1_n_0         |                                                       |                1 |              5 |         5.00 |
|  FPGA_CLK_50MHZ_IBUF_BUFG | gen_channels[8].ch_inst/spi_bit_cnt[0]                   |                                                       |                2 |              5 |         2.50 |
|  FPGA_CLK_50MHZ_IBUF_BUFG | gen_channels[0].ch_inst/spi_bit_cnt[0]                   |                                                       |                2 |              5 |         2.50 |
|  FPGA_CLK_50MHZ_IBUF_BUFG | gen_channels[4].ch_inst/spi_bit_cnt[0]                   |                                                       |                2 |              5 |         2.50 |
|  FPGA_CLK_50MHZ_IBUF_BUFG | gen_channels[9].ch_inst/spi_data_req[20]_i_1__8_n_0      |                                                       |                2 |              5 |         2.50 |
|  FPGA_CLK_50MHZ_IBUF_BUFG | gen_channels[14].ch_inst/spi_bit_cnt[0]                  |                                                       |                2 |              5 |         2.50 |
|  FPGA_CLK_50MHZ_IBUF_BUFG | u_rs422/u_uart_phy/tx_shift_reg[7]_i_1_n_0               | u_rs422/u_uart_phy/RST_SW                             |                2 |              8 |         4.00 |
|  FPGA_CLK_50MHZ_IBUF_BUFG | u_rs422/u_uart_phy/rx_valid_i_1_n_0                      | u_rs422/u_uart_phy/RST_SW                             |                2 |              8 |         4.00 |
|  FPGA_CLK_50MHZ_IBUF_BUFG | u_rs422/phy_tx_data[0]                                   | u_rs422/u_uart_phy/RST_SW                             |                6 |              8 |         1.33 |
|  FPGA_CLK_50MHZ_IBUF_BUFG | gen_channels[6].ch_inst/FSM_onehot_state[8]_i_1__5_n_0   | u_rs422/u_uart_phy/RST_SW                             |                4 |              9 |         2.25 |
|  FPGA_CLK_50MHZ_IBUF_BUFG | u_rs422/u_uart_phy/tx_clk_cnt[0]                         | u_rs422/u_uart_phy/RST_SW                             |                4 |              9 |         2.25 |
|  FPGA_CLK_50MHZ_IBUF_BUFG | gen_channels[12].ch_inst/FSM_onehot_state[8]_i_1__11_n_0 | u_rs422/u_uart_phy/RST_SW                             |                3 |              9 |         3.00 |
|  FPGA_CLK_50MHZ_IBUF_BUFG | u_rs422/u_uart_phy/rx_clk_cnt[8]_i_1_n_0                 | u_rs422/u_uart_phy/RST_SW                             |                5 |              9 |         1.80 |
|  FPGA_CLK_50MHZ_IBUF_BUFG | gen_channels[0].ch_inst/FSM_onehot_state[8]_i_1_n_0      | u_rs422/u_uart_phy/RST_SW                             |                3 |              9 |         3.00 |
|  FPGA_CLK_50MHZ_IBUF_BUFG | gen_channels[15].ch_inst/FSM_onehot_state[8]_i_1__14_n_0 | u_rs422/u_uart_phy/RST_SW                             |                3 |              9 |         3.00 |
|  FPGA_CLK_50MHZ_IBUF_BUFG | gen_channels[7].ch_inst/FSM_onehot_state[8]_i_1__6_n_0   | u_rs422/u_uart_phy/RST_SW                             |                2 |              9 |         4.50 |
|  FPGA_CLK_50MHZ_IBUF_BUFG | gen_channels[2].ch_inst/FSM_onehot_state[8]_i_1__1_n_0   | u_rs422/u_uart_phy/RST_SW                             |                2 |              9 |         4.50 |
|  FPGA_CLK_50MHZ_IBUF_BUFG | gen_channels[10].ch_inst/FSM_onehot_state[8]_i_1__9_n_0  | u_rs422/u_uart_phy/RST_SW                             |                3 |              9 |         3.00 |
|  FPGA_CLK_50MHZ_IBUF_BUFG | gen_channels[8].ch_inst/FSM_onehot_state[8]_i_1__7_n_0   | u_rs422/u_uart_phy/RST_SW                             |                2 |              9 |         4.50 |
|  FPGA_CLK_50MHZ_IBUF_BUFG | gen_channels[3].ch_inst/FSM_onehot_state[8]_i_1__2_n_0   | u_rs422/u_uart_phy/RST_SW                             |                3 |              9 |         3.00 |
|  FPGA_CLK_50MHZ_IBUF_BUFG | gen_channels[1].ch_inst/FSM_onehot_state[8]_i_1__0_n_0   | u_rs422/u_uart_phy/RST_SW                             |                3 |              9 |         3.00 |
|  FPGA_CLK_50MHZ_IBUF_BUFG | gen_channels[14].ch_inst/FSM_onehot_state[8]_i_1__13_n_0 | u_rs422/u_uart_phy/RST_SW                             |                4 |              9 |         2.25 |
|  FPGA_CLK_50MHZ_IBUF_BUFG | gen_channels[9].ch_inst/FSM_onehot_state[8]_i_1__8_n_0   | u_rs422/u_uart_phy/RST_SW                             |                3 |              9 |         3.00 |
|  FPGA_CLK_50MHZ_IBUF_BUFG | gen_channels[4].ch_inst/FSM_onehot_state[8]_i_1__3_n_0   | u_rs422/u_uart_phy/RST_SW                             |                2 |              9 |         4.50 |
|  FPGA_CLK_50MHZ_IBUF_BUFG | gen_channels[11].ch_inst/FSM_onehot_state[8]_i_1__10_n_0 | u_rs422/u_uart_phy/RST_SW                             |                3 |              9 |         3.00 |
|  FPGA_CLK_50MHZ_IBUF_BUFG | gen_channels[5].ch_inst/FSM_onehot_state[8]_i_1__4_n_0   | u_rs422/u_uart_phy/RST_SW                             |                5 |              9 |         1.80 |
|  FPGA_CLK_50MHZ_IBUF_BUFG | gen_channels[13].ch_inst/FSM_onehot_state[8]_i_1__12_n_0 | u_rs422/u_uart_phy/RST_SW                             |                4 |              9 |         2.25 |
|  FPGA_CLK_50MHZ_IBUF_BUFG | gen_channels[6].ch_inst/spi_data_req[20]_i_1__5_n_0      | gen_channels[6].ch_inst/spi_data_req[15]_i_1__5_n_0   |                3 |             15 |         5.00 |
|  FPGA_CLK_50MHZ_IBUF_BUFG | gen_channels[7].ch_inst/spi_data_req[20]_i_1__6_n_0      | gen_channels[7].ch_inst/spi_data_req[15]_i_1__6_n_0   |                4 |             15 |         3.75 |
|  FPGA_CLK_50MHZ_IBUF_BUFG | gen_channels[10].ch_inst/spi_data_req[20]_i_1__9_n_0     | gen_channels[10].ch_inst/spi_data_req[15]_i_1__9_n_0  |                4 |             15 |         3.75 |
|  FPGA_CLK_50MHZ_IBUF_BUFG | gen_channels[0].ch_inst/spi_data_req[20]_i_1_n_0         | gen_channels[0].ch_inst/spi_data_req[15]_i_1_n_0      |                3 |             15 |         5.00 |
|  FPGA_CLK_50MHZ_IBUF_BUFG | gen_channels[1].ch_inst/spi_data_req[20]_i_1__0_n_0      | gen_channels[1].ch_inst/spi_data_req[15]_i_1__0_n_0   |                2 |             15 |         7.50 |
|  FPGA_CLK_50MHZ_IBUF_BUFG | gen_channels[12].ch_inst/spi_data_req[20]_i_1__11_n_0    | gen_channels[12].ch_inst/spi_data_req[15]_i_1__11_n_0 |                2 |             15 |         7.50 |
|  FPGA_CLK_50MHZ_IBUF_BUFG | gen_channels[13].ch_inst/spi_data_req[20]_i_1__12_n_0    | gen_channels[13].ch_inst/spi_data_req[15]_i_1__12_n_0 |                3 |             15 |         5.00 |
|  FPGA_CLK_50MHZ_IBUF_BUFG | gen_channels[8].ch_inst/spi_data_req[20]_i_1__7_n_0      | gen_channels[8].ch_inst/spi_data_req[15]_i_1__7_n_0   |                2 |             15 |         7.50 |
|  FPGA_CLK_50MHZ_IBUF_BUFG | gen_channels[11].ch_inst/spi_data_req[20]_i_1__10_n_0    | gen_channels[11].ch_inst/spi_data_req[15]_i_1__10_n_0 |                3 |             15 |         5.00 |
|  FPGA_CLK_50MHZ_IBUF_BUFG | gen_channels[2].ch_inst/spi_data_req[20]_i_1__1_n_0      | gen_channels[2].ch_inst/spi_data_req[15]_i_1__1_n_0   |                2 |             15 |         7.50 |
|  FPGA_CLK_50MHZ_IBUF_BUFG | gen_channels[3].ch_inst/spi_data_req[20]_i_1__2_n_0      | gen_channels[3].ch_inst/spi_data_req[15]_i_1__2_n_0   |                2 |             15 |         7.50 |
|  FPGA_CLK_50MHZ_IBUF_BUFG | gen_channels[14].ch_inst/spi_data_req[20]_i_1__13_n_0    | gen_channels[14].ch_inst/spi_data_req[15]_i_1__13_n_0 |                3 |             15 |         5.00 |
|  FPGA_CLK_50MHZ_IBUF_BUFG | gen_channels[15].ch_inst/spi_data_req[20]_i_1__14_n_0    | gen_channels[15].ch_inst/spi_data_req[15]_i_1__14_n_0 |                2 |             15 |         7.50 |
|  FPGA_CLK_50MHZ_IBUF_BUFG | gen_channels[4].ch_inst/spi_data_req[20]_i_1__3_n_0      | gen_channels[4].ch_inst/spi_data_req[15]_i_1__3_n_0   |                2 |             15 |         7.50 |
|  FPGA_CLK_50MHZ_IBUF_BUFG | gen_channels[9].ch_inst/spi_data_req[20]_i_1__8_n_0      | gen_channels[9].ch_inst/spi_data_req[15]_i_1__8_n_0   |                2 |             15 |         7.50 |
|  FPGA_CLK_50MHZ_IBUF_BUFG | gen_channels[5].ch_inst/spi_data_req[20]_i_1__4_n_0      | gen_channels[5].ch_inst/spi_data_req[15]_i_1__4_n_0   |                2 |             15 |         7.50 |
|  FPGA_CLK_50MHZ_IBUF_BUFG | gen_channels[3].ch_inst/sel_channel_reg[3]_5[0]          |                                                       |                2 |             16 |         8.00 |
|  FPGA_CLK_50MHZ_IBUF_BUFG | gen_channels[3].ch_inst/cur_dac_code[0]                  | u_rs422/u_uart_phy/RST_SW                             |                4 |             16 |         4.00 |
|  FPGA_CLK_50MHZ_IBUF_BUFG | gen_channels[15].ch_inst/cur_dac_code[0]                 | u_rs422/u_uart_phy/RST_SW                             |                2 |             16 |         8.00 |
|  FPGA_CLK_50MHZ_IBUF_BUFG | gen_channels[10].ch_inst/cur_dac_code[0]                 | u_rs422/u_uart_phy/RST_SW                             |                3 |             16 |         5.33 |
|  FPGA_CLK_50MHZ_IBUF_BUFG | gen_channels[2].ch_inst/cur_dac_code[0]                  | u_rs422/u_uart_phy/RST_SW                             |                6 |             16 |         2.67 |
|  FPGA_CLK_50MHZ_IBUF_BUFG | gen_channels[13].ch_inst/cur_dac_code[0]                 | u_rs422/u_uart_phy/RST_SW                             |                5 |             16 |         3.20 |
|  FPGA_CLK_50MHZ_IBUF_BUFG | gen_channels[9].ch_inst/cur_dac_code[0]                  | u_rs422/u_uart_phy/RST_SW                             |                3 |             16 |         5.33 |
|  FPGA_CLK_50MHZ_IBUF_BUFG | gen_channels[3].ch_inst/sel_channel_reg[3]_8[0]          |                                                       |                6 |             16 |         2.67 |
|  FPGA_CLK_50MHZ_IBUF_BUFG | gen_channels[3].ch_inst/sel_channel_reg[3]_6[0]          |                                                       |                3 |             16 |         5.33 |
|  FPGA_CLK_50MHZ_IBUF_BUFG | gen_channels[3].ch_inst/sel_channel_reg[3]_2[0]          |                                                       |                3 |             16 |         5.33 |
|  FPGA_CLK_50MHZ_IBUF_BUFG | gen_channels[3].ch_inst/sel_channel_reg[3]_7[0]          |                                                       |                5 |             16 |         3.20 |
|  FPGA_CLK_50MHZ_IBUF_BUFG | gen_channels[1].ch_inst/cur_dac_code[0]                  | u_rs422/u_uart_phy/RST_SW                             |                3 |             16 |         5.33 |
|  FPGA_CLK_50MHZ_IBUF_BUFG | gen_channels[3].ch_inst/sel_channel_reg[3]_3[0]          |                                                       |                3 |             16 |         5.33 |
|  FPGA_CLK_50MHZ_IBUF_BUFG | gen_channels[3].ch_inst/sel_channel_reg[3]_9[0]          |                                                       |                7 |             16 |         2.29 |
|  FPGA_CLK_50MHZ_IBUF_BUFG | gen_channels[3].ch_inst/sel_channel_reg[3]_4[0]          |                                                       |                4 |             16 |         4.00 |
|  FPGA_CLK_50MHZ_IBUF_BUFG | gen_channels[12].ch_inst/cur_dac_code[0]                 | u_rs422/u_uart_phy/RST_SW                             |                3 |             16 |         5.33 |
|  FPGA_CLK_50MHZ_IBUF_BUFG | computed_code[15]_i_1_n_0                                |                                                       |                2 |             16 |         8.00 |
|  FPGA_CLK_50MHZ_IBUF_BUFG | gen_channels[6].ch_inst/cur_dac_code[0]                  | u_rs422/u_uart_phy/RST_SW                             |                3 |             16 |         5.33 |
|  FPGA_CLK_50MHZ_IBUF_BUFG | gen_channels[0].ch_inst/cur_dac_code[0]                  | u_rs422/u_uart_phy/RST_SW                             |                4 |             16 |         4.00 |
|  FPGA_CLK_50MHZ_IBUF_BUFG | gen_channels[4].ch_inst/cur_dac_code[0]                  | u_rs422/u_uart_phy/RST_SW                             |                3 |             16 |         5.33 |
|  FPGA_CLK_50MHZ_IBUF_BUFG | gen_channels[5].ch_inst/cur_dac_code[0]                  | u_rs422/u_uart_phy/RST_SW                             |                2 |             16 |         8.00 |
|  FPGA_CLK_50MHZ_IBUF_BUFG | gen_channels[7].ch_inst/cur_dac_code[0]                  | u_rs422/u_uart_phy/RST_SW                             |                3 |             16 |         5.33 |
|  FPGA_CLK_50MHZ_IBUF_BUFG | gen_channels[3].ch_inst/sel_channel_reg[3]_10[0]         |                                                       |                3 |             16 |         5.33 |
|  FPGA_CLK_50MHZ_IBUF_BUFG | gen_channels[3].ch_inst/sel_channel_reg[3]_1[0]          |                                                       |                3 |             16 |         5.33 |
|  FPGA_CLK_50MHZ_IBUF_BUFG | gen_channels[3].ch_inst/sel_channel_reg[2][0]            |                                                       |                3 |             16 |         5.33 |
|  FPGA_CLK_50MHZ_IBUF_BUFG | gen_channels[3].ch_inst/sel_channel_reg[2]_1[0]          |                                                       |                2 |             16 |         8.00 |
|  FPGA_CLK_50MHZ_IBUF_BUFG | gen_channels[8].ch_inst/cur_dac_code[0]                  | u_rs422/u_uart_phy/RST_SW                             |                3 |             16 |         5.33 |
|  FPGA_CLK_50MHZ_IBUF_BUFG | gen_channels[14].ch_inst/cur_dac_code[0]                 | u_rs422/u_uart_phy/RST_SW                             |                5 |             16 |         3.20 |
|  FPGA_CLK_50MHZ_IBUF_BUFG | gen_channels[3].ch_inst/sel_channel_reg[2]_0[0]          |                                                       |                3 |             16 |         5.33 |
|  FPGA_CLK_50MHZ_IBUF_BUFG | gen_channels[3].ch_inst/E[0]                             |                                                       |                5 |             16 |         3.20 |
|  FPGA_CLK_50MHZ_IBUF_BUFG | gen_channels[3].ch_inst/sel_channel_reg[3]_0[0]          |                                                       |                3 |             16 |         5.33 |
|  FPGA_CLK_50MHZ_IBUF_BUFG | gen_channels[3].ch_inst/sel_channel_reg[2]_2[0]          |                                                       |                2 |             16 |         8.00 |
|  FPGA_CLK_50MHZ_IBUF_BUFG | gen_channels[11].ch_inst/cur_dac_code[0]                 | u_rs422/u_uart_phy/RST_SW                             |                3 |             16 |         5.33 |
|  FPGA_CLK_50MHZ_IBUF_BUFG |                                                          | u_rs422/u_uart_phy/rx_valid_reg_4                     |                5 |             18 |         3.60 |
|  FPGA_CLK_50MHZ_IBUF_BUFG | gen_channels[2].ch_inst/delay_cnt[22]_i_1__1_n_0         | u_rs422/u_uart_phy/RST_SW                             |               11 |             23 |         2.09 |
|  FPGA_CLK_50MHZ_IBUF_BUFG | gen_channels[5].ch_inst/tx_reg[23]_i_1__4_n_0            |                                                       |                3 |             23 |         7.67 |
|  FPGA_CLK_50MHZ_IBUF_BUFG | gen_channels[6].ch_inst/delay_cnt[22]_i_1__5_n_0         | u_rs422/u_uart_phy/RST_SW                             |                8 |             23 |         2.88 |
|  FPGA_CLK_50MHZ_IBUF_BUFG | gen_channels[10].ch_inst/delay_cnt[22]_i_1__9_n_0        | u_rs422/u_uart_phy/RST_SW                             |               10 |             23 |         2.30 |
|  FPGA_CLK_50MHZ_IBUF_BUFG | gen_channels[6].ch_inst/tx_reg[23]_i_1__5_n_0            |                                                       |                4 |             23 |         5.75 |
|  FPGA_CLK_50MHZ_IBUF_BUFG | gen_channels[3].ch_inst/delay_cnt[22]_i_1__2_n_0         | u_rs422/u_uart_phy/RST_SW                             |                9 |             23 |         2.56 |
|  FPGA_CLK_50MHZ_IBUF_BUFG | gen_channels[10].ch_inst/tx_reg[23]_i_1__9_n_0           |                                                       |                3 |             23 |         7.67 |
|  FPGA_CLK_50MHZ_IBUF_BUFG | gen_channels[7].ch_inst/delay_cnt[22]_i_1__6_n_0         | u_rs422/u_uart_phy/RST_SW                             |                9 |             23 |         2.56 |
|  FPGA_CLK_50MHZ_IBUF_BUFG | gen_channels[5].ch_inst/delay_cnt[22]_i_1__4_n_0         | u_rs422/u_uart_phy/RST_SW                             |                9 |             23 |         2.56 |
|  FPGA_CLK_50MHZ_IBUF_BUFG | gen_channels[2].ch_inst/tx_reg[23]_i_1__1_n_0            |                                                       |                4 |             23 |         5.75 |
|  FPGA_CLK_50MHZ_IBUF_BUFG | gen_channels[13].ch_inst/tx_reg[23]_i_1__12_n_0          |                                                       |                5 |             23 |         4.60 |
|  FPGA_CLK_50MHZ_IBUF_BUFG | gen_channels[11].ch_inst/delay_cnt[22]_i_1__10_n_0       | u_rs422/u_uart_phy/RST_SW                             |                8 |             23 |         2.88 |
|  FPGA_CLK_50MHZ_IBUF_BUFG | gen_channels[14].ch_inst/delay_cnt[22]_i_1__13_n_0       | u_rs422/u_uart_phy/RST_SW                             |                7 |             23 |         3.29 |
|  FPGA_CLK_50MHZ_IBUF_BUFG | gen_channels[13].ch_inst/delay_cnt[22]_i_1__12_n_0       | u_rs422/u_uart_phy/RST_SW                             |               10 |             23 |         2.30 |
|  FPGA_CLK_50MHZ_IBUF_BUFG | gen_channels[8].ch_inst/delay_cnt[22]_i_1__7_n_0         | u_rs422/u_uart_phy/RST_SW                             |               10 |             23 |         2.30 |
|  FPGA_CLK_50MHZ_IBUF_BUFG | gen_channels[12].ch_inst/tx_reg[23]_i_1__11_n_0          |                                                       |                4 |             23 |         5.75 |
|  FPGA_CLK_50MHZ_IBUF_BUFG | gen_channels[4].ch_inst/delay_cnt[22]_i_1__3_n_0         | u_rs422/u_uart_phy/RST_SW                             |                9 |             23 |         2.56 |
|  FPGA_CLK_50MHZ_IBUF_BUFG | gen_channels[12].ch_inst/delay_cnt[22]_i_1__11_n_0       | u_rs422/u_uart_phy/RST_SW                             |               11 |             23 |         2.09 |
|  FPGA_CLK_50MHZ_IBUF_BUFG | gen_channels[1].ch_inst/tx_reg[23]_i_1__0_n_0            |                                                       |                4 |             23 |         5.75 |
|  FPGA_CLK_50MHZ_IBUF_BUFG | gen_channels[8].ch_inst/tx_reg[23]_i_1__7_n_0            |                                                       |                3 |             23 |         7.67 |
|  FPGA_CLK_50MHZ_IBUF_BUFG | gen_channels[3].ch_inst/tx_reg[23]_i_1__2_n_0            |                                                       |                5 |             23 |         4.60 |
|  FPGA_CLK_50MHZ_IBUF_BUFG | gen_channels[4].ch_inst/tx_reg[23]_i_1__3_n_0            |                                                       |                3 |             23 |         7.67 |
|  FPGA_CLK_50MHZ_IBUF_BUFG | gen_channels[14].ch_inst/tx_reg[23]_i_1__13_n_0          |                                                       |                3 |             23 |         7.67 |
|  FPGA_CLK_50MHZ_IBUF_BUFG | gen_channels[15].ch_inst/delay_cnt[22]_i_1__14_n_0       | u_rs422/u_uart_phy/RST_SW                             |                9 |             23 |         2.56 |
|  FPGA_CLK_50MHZ_IBUF_BUFG | gen_channels[9].ch_inst/delay_cnt[22]_i_1__8_n_0         | u_rs422/u_uart_phy/RST_SW                             |                8 |             23 |         2.88 |
|  FPGA_CLK_50MHZ_IBUF_BUFG | gen_channels[1].ch_inst/delay_cnt[22]_i_1__0_n_0         | u_rs422/u_uart_phy/RST_SW                             |               10 |             23 |         2.30 |
|  FPGA_CLK_50MHZ_IBUF_BUFG | gen_channels[11].ch_inst/tx_reg[23]_i_1__10_n_0          |                                                       |                3 |             23 |         7.67 |
|  FPGA_CLK_50MHZ_IBUF_BUFG | gen_channels[15].ch_inst/tx_reg[23]_i_1__14_n_0          |                                                       |                3 |             23 |         7.67 |
|  FPGA_CLK_50MHZ_IBUF_BUFG | gen_channels[9].ch_inst/tx_reg[23]_i_1__8_n_0            |                                                       |                4 |             23 |         5.75 |
|  FPGA_CLK_50MHZ_IBUF_BUFG | gen_channels[0].ch_inst/tx_reg[23]_i_1_n_0               |                                                       |                4 |             23 |         5.75 |
|  FPGA_CLK_50MHZ_IBUF_BUFG | gen_channels[0].ch_inst/delay_cnt[22]_i_1_n_0            | u_rs422/u_uart_phy/RST_SW                             |                9 |             23 |         2.56 |
|  FPGA_CLK_50MHZ_IBUF_BUFG | gen_channels[7].ch_inst/tx_reg[23]_i_1__6_n_0            |                                                       |                3 |             23 |         7.67 |
|  FPGA_CLK_50MHZ_IBUF_BUFG |                                                          | hb_val                                                |                7 |             25 |         3.57 |
|  FPGA_CLK_50MHZ_IBUF_BUFG | u_rs422/u_uart_phy/rx_valid_reg_5[0]                     |                                                       |               17 |             56 |         3.29 |
|  FPGA_CLK_50MHZ_IBUF_BUFG | u_rs422/tx_buf[0][7]_i_1_n_0                             | u_rs422/u_uart_phy/RST_SW                             |               10 |             58 |         5.80 |
|  FPGA_CLK_50MHZ_IBUF_BUFG | u_rs422/FSM_sequential_app_state_reg[0][0]               |                                                       |               12 |             58 |         4.83 |
|  FPGA_CLK_50MHZ_IBUF_BUFG | reply_bytes[0][0]                                        | u_rs422/u_uart_phy/RST_SW                             |               14 |             59 |         4.21 |
|  FPGA_CLK_50MHZ_IBUF_BUFG | u_rs422/E[0]                                             | u_rs422/u_uart_phy/RST_SW                             |               12 |             64 |         5.33 |
|  FPGA_CLK_50MHZ_IBUF_BUFG | u_rs422/u_uart_phy/E[0]                                  |                                                       |               14 |             64 |         4.57 |
|  FPGA_CLK_50MHZ_IBUF_BUFG |                                                          | u_rs422/u_uart_phy/RST_SW                             |               44 |             78 |         1.77 |
|  FPGA_CLK_50MHZ_IBUF_BUFG |                                                          |                                                       |               47 |             86 |         1.83 |
+---------------------------+----------------------------------------------------------+-------------------------------------------------------+------------------+----------------+--------------+


